2025-10-20T09:13:29.5318400Z Current runner version: '2.328.0'
2025-10-20T09:13:29.5333850Z ##[group]Runner Image Provisioner
2025-10-20T09:13:29.5334350Z Hosted Compute Agent
2025-10-20T09:13:29.5334690Z Version: 20251016.436
2025-10-20T09:13:29.5335070Z Commit: 8ab8ac8bfd662a3739dab9fe09456aba92132568
2025-10-20T09:13:29.5335510Z Build Date: 2025-10-15T20:44:12Z
2025-10-20T09:13:29.5335900Z ##[endgroup]
2025-10-20T09:13:29.5336230Z ##[group]Operating System
2025-10-20T09:13:29.5336590Z macOS
2025-10-20T09:13:29.5337030Z 15.6.1
2025-10-20T09:13:29.5337400Z 24G90
2025-10-20T09:13:29.5337690Z ##[endgroup]
2025-10-20T09:13:29.5338000Z ##[group]Runner Image
2025-10-20T09:13:29.5338340Z Image: macos-15-arm64
2025-10-20T09:13:29.5338690Z Version: 20251015.0042
2025-10-20T09:13:29.5339380Z Included Software: https://github.com/actions/runner-images/blob/macos-15-arm64/20251015.0042/images/macos/macos-15-arm64-Readme.md
2025-10-20T09:13:29.5340420Z Image Release: https://github.com/actions/runner-images/releases/tag/macos-15-arm64%2F20251015.0042
2025-10-20T09:13:29.5341040Z ##[endgroup]
2025-10-20T09:13:29.5342590Z ##[group]GITHUB_TOKEN Permissions
2025-10-20T09:13:29.5343770Z Actions: write
2025-10-20T09:13:29.5344090Z Attestations: write
2025-10-20T09:13:29.5344400Z Checks: write
2025-10-20T09:13:29.5344730Z Contents: write
2025-10-20T09:13:29.5345040Z Deployments: write
2025-10-20T09:13:29.5345460Z Discussions: write
2025-10-20T09:13:29.5345790Z Issues: write
2025-10-20T09:13:29.5346090Z Metadata: read
2025-10-20T09:13:29.5346400Z Models: read
2025-10-20T09:13:29.5346700Z Packages: write
2025-10-20T09:13:29.5347030Z Pages: write
2025-10-20T09:13:29.5347340Z PullRequests: write
2025-10-20T09:13:29.5347680Z RepositoryProjects: write
2025-10-20T09:13:29.5348050Z SecurityEvents: write
2025-10-20T09:13:29.5348420Z Statuses: write
2025-10-20T09:13:29.5348750Z ##[endgroup]
2025-10-20T09:13:29.5350210Z Secret source: Actions
2025-10-20T09:13:29.5350620Z Prepare workflow directory
2025-10-20T09:13:29.5555450Z Prepare all required actions
2025-10-20T09:13:29.5582870Z Getting action download info
2025-10-20T09:13:29.9931130Z Download action repository 'actions/checkout@v3' (SHA:f43a0e5ff2bd294095638e18286ca9a3d1956744)
2025-10-20T09:13:30.3457810Z Complete job name: macos gcc12 release built and tests
2025-10-20T09:13:30.3825300Z ##[group]Run actions/checkout@v3
2025-10-20T09:13:30.3826110Z with:
2025-10-20T09:13:30.3826470Z   repository: pycanha-project/pycanha-core
2025-10-20T09:13:30.3827120Z   token: ***
2025-10-20T09:13:30.3827420Z   ssh-strict: true
2025-10-20T09:13:30.3827750Z   persist-credentials: true
2025-10-20T09:13:30.3828100Z   clean: true
2025-10-20T09:13:30.3828430Z   sparse-checkout-cone-mode: true
2025-10-20T09:13:30.3828800Z   fetch-depth: 1
2025-10-20T09:13:30.3829110Z   fetch-tags: false
2025-10-20T09:13:30.3829410Z   lfs: false
2025-10-20T09:13:30.3829710Z   submodules: false
2025-10-20T09:13:30.3830040Z   set-safe-directory: true
2025-10-20T09:13:30.3830640Z ##[endgroup]
2025-10-20T09:13:30.5547600Z Syncing repository: pycanha-project/pycanha-core
2025-10-20T09:13:30.5549040Z ##[group]Getting Git version info
2025-10-20T09:13:30.5549600Z Working directory is '/Users/runner/work/pycanha-core/pycanha-core'
2025-10-20T09:13:30.5550460Z [command]/opt/homebrew/bin/git version
2025-10-20T09:13:30.6020730Z git version 2.50.1
2025-10-20T09:13:30.6041700Z ##[endgroup]
2025-10-20T09:13:30.6048090Z Copying '/Users/runner/.gitconfig' to '/Users/runner/work/_temp/3d705088-4f8d-420b-b6fd-28f4fb5645bf/.gitconfig'
2025-10-20T09:13:30.6054920Z Temporarily overriding HOME='/Users/runner/work/_temp/3d705088-4f8d-420b-b6fd-28f4fb5645bf' before making global git config changes
2025-10-20T09:13:30.6055960Z Adding repository directory to the temporary git global config as a safe directory
2025-10-20T09:13:30.6057510Z [command]/opt/homebrew/bin/git config --global --add safe.directory /Users/runner/work/pycanha-core/pycanha-core
2025-10-20T09:13:30.6147860Z Deleting the contents of '/Users/runner/work/pycanha-core/pycanha-core'
2025-10-20T09:13:30.6150680Z ##[group]Initializing the repository
2025-10-20T09:13:30.6152940Z [command]/opt/homebrew/bin/git init /Users/runner/work/pycanha-core/pycanha-core
2025-10-20T09:13:30.6334070Z hint: Using 'master' as the name for the initial branch. This default branch name
2025-10-20T09:13:30.6335220Z hint: is subject to change. To configure the initial branch name to use in all
2025-10-20T09:13:30.6336030Z hint: of your new repositories, which will suppress this warning, call:
2025-10-20T09:13:30.6336570Z hint:
2025-10-20T09:13:30.6336990Z hint: 	git config --global init.defaultBranch <name>
2025-10-20T09:13:30.6337460Z hint:
2025-10-20T09:13:30.6337890Z hint: Names commonly chosen instead of 'master' are 'main', 'trunk' and
2025-10-20T09:13:30.6338570Z hint: 'development'. The just-created branch can be renamed via this command:
2025-10-20T09:13:30.6339140Z hint:
2025-10-20T09:13:30.6339450Z hint: 	git branch -m <name>
2025-10-20T09:13:30.6339810Z hint:
2025-10-20T09:13:30.6340270Z hint: Disable this message with "git config set advice.defaultBranchName false"
2025-10-20T09:13:30.6341070Z Initialized empty Git repository in /Users/runner/work/pycanha-core/pycanha-core/.git/
2025-10-20T09:13:30.6342680Z [command]/opt/homebrew/bin/git remote add origin https://github.com/pycanha-project/pycanha-core
2025-10-20T09:13:30.6409210Z ##[endgroup]
2025-10-20T09:13:30.6410000Z ##[group]Disabling automatic garbage collection
2025-10-20T09:13:30.6410710Z [command]/opt/homebrew/bin/git config --local gc.auto 0
2025-10-20T09:13:30.6466000Z ##[endgroup]
2025-10-20T09:13:30.6466590Z ##[group]Setting up auth
2025-10-20T09:13:30.6469120Z [command]/opt/homebrew/bin/git config --local --name-only --get-regexp core\.sshCommand
2025-10-20T09:13:30.6520860Z [command]/opt/homebrew/bin/git submodule foreach --recursive sh -c "git config --local --name-only --get-regexp 'core\.sshCommand' && git config --local --unset-all 'core.sshCommand' || :"
2025-10-20T09:13:30.7295090Z [command]/opt/homebrew/bin/git config --local --name-only --get-regexp http\.https\:\/\/github\.com\/\.extraheader
2025-10-20T09:13:30.7346140Z [command]/opt/homebrew/bin/git submodule foreach --recursive sh -c "git config --local --name-only --get-regexp 'http\.https\:\/\/github\.com\/\.extraheader' && git config --local --unset-all 'http.https://github.com/.extraheader' || :"
2025-10-20T09:13:30.7995270Z [command]/opt/homebrew/bin/git config --local http.https://github.com/.extraheader AUTHORIZATION: basic ***
2025-10-20T09:13:30.8052180Z ##[endgroup]
2025-10-20T09:13:30.8052810Z ##[group]Fetching the repository
2025-10-20T09:13:30.8056950Z [command]/opt/homebrew/bin/git -c protocol.version=2 fetch --no-tags --prune --progress --no-recurse-submodules --depth=1 origin +5e0f68d4a49a357c10d33762902a2d786eb42665:refs/remotes/pull/37/merge
2025-10-20T09:13:31.1557940Z remote: Enumerating objects: 124, done.        
2025-10-20T09:13:31.1613380Z remote: Counting objects:   0% (1/124)        
2025-10-20T09:13:31.1614270Z remote: Counting objects:   1% (2/124)        
2025-10-20T09:13:31.1614900Z remote: Counting objects:   2% (3/124)        
2025-10-20T09:13:31.1615610Z remote: Counting objects:   3% (4/124)        
2025-10-20T09:13:31.1616250Z remote: Counting objects:   4% (5/124)        
2025-10-20T09:13:31.1616880Z remote: Counting objects:   5% (7/124)        
2025-10-20T09:13:31.1617490Z remote: Counting objects:   6% (8/124)        
2025-10-20T09:13:31.1618120Z remote: Counting objects:   7% (9/124)        
2025-10-20T09:13:31.1618740Z remote: Counting objects:   8% (10/124)        
2025-10-20T09:13:31.1619700Z remote: Counting objects:   9% (12/124)        
2025-10-20T09:13:31.1621210Z remote: Counting objects:  10% (13/124)        
2025-10-20T09:13:31.1621930Z remote: Counting objects:  11% (14/124)        
2025-10-20T09:13:31.1622870Z remote: Counting objects:  12% (15/124)        
2025-10-20T09:13:31.1623520Z remote: Counting objects:  13% (17/124)        
2025-10-20T09:13:31.1624120Z remote: Counting objects:  14% (18/124)        
2025-10-20T09:13:31.1624650Z remote: Counting objects:  15% (19/124)        
2025-10-20T09:13:31.1625640Z remote: Counting objects:  16% (20/124)        
2025-10-20T09:13:31.1626160Z remote: Counting objects:  17% (22/124)        
2025-10-20T09:13:31.1626680Z remote: Counting objects:  18% (23/124)        
2025-10-20T09:13:31.1627210Z remote: Counting objects:  19% (24/124)        
2025-10-20T09:13:31.1627740Z remote: Counting objects:  20% (25/124)        
2025-10-20T09:13:31.1628270Z remote: Counting objects:  21% (27/124)        
2025-10-20T09:13:31.1628770Z remote: Counting objects:  22% (28/124)        
2025-10-20T09:13:31.1629280Z remote: Counting objects:  23% (29/124)        
2025-10-20T09:13:31.1629830Z remote: Counting objects:  24% (30/124)        
2025-10-20T09:13:31.1630340Z remote: Counting objects:  25% (31/124)        
2025-10-20T09:13:31.1630870Z remote: Counting objects:  26% (33/124)        
2025-10-20T09:13:31.1631370Z remote: Counting objects:  27% (34/124)        
2025-10-20T09:13:31.1632030Z remote: Counting objects:  28% (35/124)        
2025-10-20T09:13:31.1633020Z remote: Counting objects:  29% (36/124)        
2025-10-20T09:13:31.1633680Z remote: Counting objects:  30% (38/124)        
2025-10-20T09:13:31.1634340Z remote: Counting objects:  31% (39/124)        
2025-10-20T09:13:31.1635440Z remote: Counting objects:  32% (40/124)        
2025-10-20T09:13:31.1636030Z remote: Counting objects:  33% (41/124)        
2025-10-20T09:13:31.1636550Z remote: Counting objects:  34% (43/124)        
2025-10-20T09:13:31.1637060Z remote: Counting objects:  35% (44/124)        
2025-10-20T09:13:31.1637580Z remote: Counting objects:  36% (45/124)        
2025-10-20T09:13:31.1638140Z remote: Counting objects:  37% (46/124)        
2025-10-20T09:13:31.1638650Z remote: Counting objects:  38% (48/124)        
2025-10-20T09:13:31.1639190Z remote: Counting objects:  39% (49/124)        
2025-10-20T09:13:31.1639730Z remote: Counting objects:  40% (50/124)        
2025-10-20T09:13:31.1640270Z remote: Counting objects:  41% (51/124)        
2025-10-20T09:13:31.1640770Z remote: Counting objects:  42% (53/124)        
2025-10-20T09:13:31.1641310Z remote: Counting objects:  43% (54/124)        
2025-10-20T09:13:31.1641840Z remote: Counting objects:  44% (55/124)        
2025-10-20T09:13:31.1642690Z remote: Counting objects:  45% (56/124)        
2025-10-20T09:13:31.1643240Z remote: Counting objects:  46% (58/124)        
2025-10-20T09:13:31.1643750Z remote: Counting objects:  47% (59/124)        
2025-10-20T09:13:31.1644270Z remote: Counting objects:  48% (60/124)        
2025-10-20T09:13:31.1644800Z remote: Counting objects:  49% (61/124)        
2025-10-20T09:13:31.1645300Z remote: Counting objects:  50% (62/124)        
2025-10-20T09:13:31.1646140Z remote: Counting objects:  51% (64/124)        
2025-10-20T09:13:31.1646680Z remote: Counting objects:  52% (65/124)        
2025-10-20T09:13:31.1647350Z remote: Counting objects:  53% (66/124)        
2025-10-20T09:13:31.1648020Z remote: Counting objects:  54% (67/124)        
2025-10-20T09:13:31.1648520Z remote: Counting objects:  55% (69/124)        
2025-10-20T09:13:31.1649110Z remote: Counting objects:  56% (70/124)        
2025-10-20T09:13:31.1649600Z remote: Counting objects:  57% (71/124)        
2025-10-20T09:13:31.1650090Z remote: Counting objects:  58% (72/124)        
2025-10-20T09:13:31.1650600Z remote: Counting objects:  59% (74/124)        
2025-10-20T09:13:31.1651120Z remote: Counting objects:  60% (75/124)        
2025-10-20T09:13:31.1651630Z remote: Counting objects:  61% (76/124)        
2025-10-20T09:13:31.1652140Z remote: Counting objects:  62% (77/124)        
2025-10-20T09:13:31.1652680Z remote: Counting objects:  63% (79/124)        
2025-10-20T09:13:31.1653190Z remote: Counting objects:  64% (80/124)        
2025-10-20T09:13:31.1653700Z remote: Counting objects:  65% (81/124)        
2025-10-20T09:13:31.1654230Z remote: Counting objects:  66% (82/124)        
2025-10-20T09:13:31.1654770Z remote: Counting objects:  67% (84/124)        
2025-10-20T09:13:31.1655360Z remote: Counting objects:  68% (85/124)        
2025-10-20T09:13:31.1656150Z remote: Counting objects:  69% (86/124)        
2025-10-20T09:13:31.1656710Z remote: Counting objects:  70% (87/124)        
2025-10-20T09:13:31.1657230Z remote: Counting objects:  71% (89/124)        
2025-10-20T09:13:31.1657810Z remote: Counting objects:  72% (90/124)        
2025-10-20T09:13:31.1658330Z remote: Counting objects:  73% (91/124)        
2025-10-20T09:13:31.1658910Z remote: Counting objects:  74% (92/124)        
2025-10-20T09:13:31.1659500Z remote: Counting objects:  75% (93/124)        
2025-10-20T09:13:31.1660010Z remote: Counting objects:  76% (95/124)        
2025-10-20T09:13:31.1660590Z remote: Counting objects:  77% (96/124)        
2025-10-20T09:13:31.1661090Z remote: Counting objects:  78% (97/124)        
2025-10-20T09:13:31.1661610Z remote: Counting objects:  79% (98/124)        
2025-10-20T09:13:31.1662120Z remote: Counting objects:  80% (100/124)        
2025-10-20T09:13:31.1662670Z remote: Counting objects:  81% (101/124)        
2025-10-20T09:13:31.1663180Z remote: Counting objects:  82% (102/124)        
2025-10-20T09:13:31.1663700Z remote: Counting objects:  83% (103/124)        
2025-10-20T09:13:31.1664210Z remote: Counting objects:  84% (105/124)        
2025-10-20T09:13:31.1664780Z remote: Counting objects:  85% (106/124)        
2025-10-20T09:13:31.1665310Z remote: Counting objects:  86% (107/124)        
2025-10-20T09:13:31.1665810Z remote: Counting objects:  87% (108/124)        
2025-10-20T09:13:31.1666330Z remote: Counting objects:  88% (110/124)        
2025-10-20T09:13:31.1666880Z remote: Counting objects:  89% (111/124)        
2025-10-20T09:13:31.1667420Z remote: Counting objects:  90% (112/124)        
2025-10-20T09:13:31.1667940Z remote: Counting objects:  91% (113/124)        
2025-10-20T09:13:31.1668450Z remote: Counting objects:  92% (115/124)        
2025-10-20T09:13:31.1669000Z remote: Counting objects:  93% (116/124)        
2025-10-20T09:13:31.1669540Z remote: Counting objects:  94% (117/124)        
2025-10-20T09:13:31.1670070Z remote: Counting objects:  95% (118/124)        
2025-10-20T09:13:31.1670780Z remote: Counting objects:  96% (120/124)        
2025-10-20T09:13:31.1671420Z remote: Counting objects:  97% (121/124)        
2025-10-20T09:13:31.1672200Z remote: Counting objects:  98% (122/124)        
2025-10-20T09:13:31.1672770Z remote: Counting objects:  99% (123/124)        
2025-10-20T09:13:31.1673370Z remote: Counting objects: 100% (124/124)        
2025-10-20T09:13:31.1673930Z remote: Counting objects: 100% (124/124), done.        
2025-10-20T09:13:31.1674490Z remote: Compressing objects:   0% (1/110)        
2025-10-20T09:13:31.1690180Z remote: Compressing objects:   1% (2/110)        
2025-10-20T09:13:31.1690720Z remote: Compressing objects:   2% (3/110)        
2025-10-20T09:13:31.1691270Z remote: Compressing objects:   3% (4/110)        
2025-10-20T09:13:31.1691810Z remote: Compressing objects:   4% (5/110)        
2025-10-20T09:13:31.1692320Z remote: Compressing objects:   5% (6/110)        
2025-10-20T09:13:31.1692860Z remote: Compressing objects:   6% (7/110)        
2025-10-20T09:13:31.1693400Z remote: Compressing objects:   7% (8/110)        
2025-10-20T09:13:31.1694090Z remote: Compressing objects:   8% (9/110)        
2025-10-20T09:13:31.1695200Z remote: Compressing objects:   9% (10/110)        
2025-10-20T09:13:31.1696000Z remote: Compressing objects:  10% (11/110)        
2025-10-20T09:13:31.1696580Z remote: Compressing objects:  11% (13/110)        
2025-10-20T09:13:31.1697090Z remote: Compressing objects:  12% (14/110)        
2025-10-20T09:13:31.1697610Z remote: Compressing objects:  13% (15/110)        
2025-10-20T09:13:31.1698140Z remote: Compressing objects:  14% (16/110)        
2025-10-20T09:13:31.1698680Z remote: Compressing objects:  15% (17/110)        
2025-10-20T09:13:31.1699250Z remote: Compressing objects:  16% (18/110)        
2025-10-20T09:13:31.1699920Z remote: Compressing objects:  17% (19/110)        
2025-10-20T09:13:31.1700450Z remote: Compressing objects:  18% (20/110)        
2025-10-20T09:13:31.1701270Z remote: Compressing objects:  19% (21/110)        
2025-10-20T09:13:31.1701790Z remote: Compressing objects:  20% (22/110)        
2025-10-20T09:13:31.1702410Z remote: Compressing objects:  21% (24/110)        
2025-10-20T09:13:31.1703100Z remote: Compressing objects:  22% (25/110)        
2025-10-20T09:13:31.1703630Z remote: Compressing objects:  23% (26/110)        
2025-10-20T09:13:31.1704250Z remote: Compressing objects:  24% (27/110)        
2025-10-20T09:13:31.1704840Z remote: Compressing objects:  25% (28/110)        
2025-10-20T09:13:31.1705350Z remote: Compressing objects:  26% (29/110)        
2025-10-20T09:13:31.1705950Z remote: Compressing objects:  27% (30/110)        
2025-10-20T09:13:31.1706480Z remote: Compressing objects:  28% (31/110)        
2025-10-20T09:13:31.1706990Z remote: Compressing objects:  29% (32/110)        
2025-10-20T09:13:31.1707490Z remote: Compressing objects:  30% (33/110)        
2025-10-20T09:13:31.1707990Z remote: Compressing objects:  31% (35/110)        
2025-10-20T09:13:31.1708630Z remote: Compressing objects:  32% (36/110)        
2025-10-20T09:13:31.1709230Z remote: Compressing objects:  33% (37/110)        
2025-10-20T09:13:31.1709780Z remote: Compressing objects:  34% (38/110)        
2025-10-20T09:13:31.1710280Z remote: Compressing objects:  35% (39/110)        
2025-10-20T09:13:31.1710780Z remote: Compressing objects:  36% (40/110)        
2025-10-20T09:13:31.1711420Z remote: Compressing objects:  37% (41/110)        
2025-10-20T09:13:31.1711940Z remote: Compressing objects:  38% (42/110)        
2025-10-20T09:13:31.1712440Z remote: Compressing objects:  39% (43/110)        
2025-10-20T09:13:31.1712940Z remote: Compressing objects:  40% (44/110)        
2025-10-20T09:13:31.1713430Z remote: Compressing objects:  41% (46/110)        
2025-10-20T09:13:31.1714000Z remote: Compressing objects:  42% (47/110)        
2025-10-20T09:13:31.1714530Z remote: Compressing objects:  43% (48/110)        
2025-10-20T09:13:31.1715120Z remote: Compressing objects:  44% (49/110)        
2025-10-20T09:13:31.1715730Z remote: Compressing objects:  45% (50/110)        
2025-10-20T09:13:31.1716240Z remote: Compressing objects:  46% (51/110)        
2025-10-20T09:13:31.1717370Z remote: Compressing objects:  47% (52/110)        
2025-10-20T09:13:31.1718240Z remote: Compressing objects:  48% (53/110)        
2025-10-20T09:13:31.1718880Z remote: Compressing objects:  49% (54/110)        
2025-10-20T09:13:31.1719400Z remote: Compressing objects:  50% (55/110)        
2025-10-20T09:13:31.1719910Z remote: Compressing objects:  51% (57/110)        
2025-10-20T09:13:31.1720450Z remote: Compressing objects:  52% (58/110)        
2025-10-20T09:13:31.1720950Z remote: Compressing objects:  53% (59/110)        
2025-10-20T09:13:31.1721450Z remote: Compressing objects:  54% (60/110)        
2025-10-20T09:13:31.1721960Z remote: Compressing objects:  55% (61/110)        
2025-10-20T09:13:31.1722530Z remote: Compressing objects:  56% (62/110)        
2025-10-20T09:13:31.1723030Z remote: Compressing objects:  57% (63/110)        
2025-10-20T09:13:31.1723600Z remote: Compressing objects:  58% (64/110)        
2025-10-20T09:13:31.1724110Z remote: Compressing objects:  59% (65/110)        
2025-10-20T09:13:31.1724610Z remote: Compressing objects:  60% (66/110)        
2025-10-20T09:13:31.1725110Z remote: Compressing objects:  61% (68/110)        
2025-10-20T09:13:31.1725660Z remote: Compressing objects:  62% (69/110)        
2025-10-20T09:13:31.1726210Z remote: Compressing objects:  63% (70/110)        
2025-10-20T09:13:31.1726770Z remote: Compressing objects:  64% (71/110)        
2025-10-20T09:13:31.1727310Z remote: Compressing objects:  65% (72/110)        
2025-10-20T09:13:31.1727850Z remote: Compressing objects:  66% (73/110)        
2025-10-20T09:13:31.1728350Z remote: Compressing objects:  67% (74/110)        
2025-10-20T09:13:31.1728850Z remote: Compressing objects:  68% (75/110)        
2025-10-20T09:13:31.1729400Z remote: Compressing objects:  69% (76/110)        
2025-10-20T09:13:31.1729950Z remote: Compressing objects:  70% (77/110)        
2025-10-20T09:13:31.1730780Z remote: Compressing objects:  71% (79/110)        
2025-10-20T09:13:31.1731330Z remote: Compressing objects:  72% (80/110)        
2025-10-20T09:13:31.1731890Z remote: Compressing objects:  73% (81/110)        
2025-10-20T09:13:31.1732390Z remote: Compressing objects:  74% (82/110)        
2025-10-20T09:13:31.1732940Z remote: Compressing objects:  75% (83/110)        
2025-10-20T09:13:31.1733480Z remote: Compressing objects:  76% (84/110)        
2025-10-20T09:13:31.1734030Z remote: Compressing objects:  77% (85/110)        
2025-10-20T09:13:31.1734620Z remote: Compressing objects:  78% (86/110)        
2025-10-20T09:13:31.1735290Z remote: Compressing objects:  79% (87/110)        
2025-10-20T09:13:31.1735810Z remote: Compressing objects:  80% (88/110)        
2025-10-20T09:13:31.1736360Z remote: Compressing objects:  81% (90/110)        
2025-10-20T09:13:31.1736870Z remote: Compressing objects:  82% (91/110)        
2025-10-20T09:13:31.1737420Z remote: Compressing objects:  83% (92/110)        
2025-10-20T09:13:31.1737960Z remote: Compressing objects:  84% (93/110)        
2025-10-20T09:13:31.1738510Z remote: Compressing objects:  85% (94/110)        
2025-10-20T09:13:31.1739010Z remote: Compressing objects:  86% (95/110)        
2025-10-20T09:13:31.1739820Z remote: Compressing objects:  87% (96/110)        
2025-10-20T09:13:31.1740400Z remote: Compressing objects:  88% (97/110)        
2025-10-20T09:13:31.1740910Z remote: Compressing objects:  89% (98/110)        
2025-10-20T09:13:31.1741430Z remote: Compressing objects:  90% (99/110)        
2025-10-20T09:13:31.1741940Z remote: Compressing objects:  91% (101/110)        
2025-10-20T09:13:31.1742440Z remote: Compressing objects:  92% (102/110)        
2025-10-20T09:13:31.1742940Z remote: Compressing objects:  93% (103/110)        
2025-10-20T09:13:31.1743430Z remote: Compressing objects:  94% (104/110)        
2025-10-20T09:13:31.1743940Z remote: Compressing objects:  95% (105/110)        
2025-10-20T09:13:31.1744440Z remote: Compressing objects:  96% (106/110)        
2025-10-20T09:13:31.1744940Z remote: Compressing objects:  97% (107/110)        
2025-10-20T09:13:31.1745440Z remote: Compressing objects:  98% (108/110)        
2025-10-20T09:13:31.1746170Z remote: Compressing objects:  99% (109/110)        
2025-10-20T09:13:31.1746700Z remote: Compressing objects: 100% (110/110)        
2025-10-20T09:13:31.1747240Z remote: Compressing objects: 100% (110/110), done.        
2025-10-20T09:13:31.1774820Z Receiving objects:   0% (1/124)
2025-10-20T09:13:31.1775450Z Receiving objects:   1% (2/124)
2025-10-20T09:13:31.1775910Z Receiving objects:   2% (3/124)
2025-10-20T09:13:31.1776570Z Receiving objects:   3% (4/124)
2025-10-20T09:13:31.1777030Z Receiving objects:   4% (5/124)
2025-10-20T09:13:31.1777520Z Receiving objects:   5% (7/124)
2025-10-20T09:13:31.1777900Z Receiving objects:   6% (8/124)
2025-10-20T09:13:31.1778280Z Receiving objects:   7% (9/124)
2025-10-20T09:13:31.1778650Z Receiving objects:   8% (10/124)
2025-10-20T09:13:31.1779060Z Receiving objects:   9% (12/124)
2025-10-20T09:13:31.1779440Z Receiving objects:  10% (13/124)
2025-10-20T09:13:31.1779820Z Receiving objects:  11% (14/124)
2025-10-20T09:13:31.1780230Z Receiving objects:  12% (15/124)
2025-10-20T09:13:31.1780600Z Receiving objects:  13% (17/124)
2025-10-20T09:13:31.1780980Z Receiving objects:  14% (18/124)
2025-10-20T09:13:31.1781360Z Receiving objects:  15% (19/124)
2025-10-20T09:13:31.1781740Z Receiving objects:  16% (20/124)
2025-10-20T09:13:31.1782120Z Receiving objects:  17% (22/124)
2025-10-20T09:13:31.1782490Z Receiving objects:  18% (23/124)
2025-10-20T09:13:31.1782870Z Receiving objects:  19% (24/124)
2025-10-20T09:13:31.1783250Z Receiving objects:  20% (25/124)
2025-10-20T09:13:31.1783630Z Receiving objects:  21% (27/124)
2025-10-20T09:13:31.1784010Z Receiving objects:  22% (28/124)
2025-10-20T09:13:31.1784390Z Receiving objects:  23% (29/124)
2025-10-20T09:13:31.1784770Z Receiving objects:  24% (30/124)
2025-10-20T09:13:31.1785380Z Receiving objects:  25% (31/124)
2025-10-20T09:13:31.1785760Z Receiving objects:  26% (33/124)
2025-10-20T09:13:31.1883480Z Receiving objects:  27% (34/124)
2025-10-20T09:13:31.1884140Z Receiving objects:  28% (35/124)
2025-10-20T09:13:31.1884580Z Receiving objects:  29% (36/124)
2025-10-20T09:13:31.1885160Z Receiving objects:  30% (38/124)
2025-10-20T09:13:31.1885630Z Receiving objects:  31% (39/124)
2025-10-20T09:13:31.1886070Z Receiving objects:  32% (40/124)
2025-10-20T09:13:31.1886460Z Receiving objects:  33% (41/124)
2025-10-20T09:13:31.1887020Z Receiving objects:  34% (43/124)
2025-10-20T09:13:31.1888280Z Receiving objects:  35% (44/124)
2025-10-20T09:13:31.1888740Z Receiving objects:  36% (45/124)
2025-10-20T09:13:31.1889140Z Receiving objects:  37% (46/124)
2025-10-20T09:13:31.1889520Z Receiving objects:  38% (48/124)
2025-10-20T09:13:31.1889900Z Receiving objects:  39% (49/124)
2025-10-20T09:13:31.1890270Z Receiving objects:  40% (50/124)
2025-10-20T09:13:31.1890650Z Receiving objects:  41% (51/124)
2025-10-20T09:13:31.1891050Z Receiving objects:  42% (53/124)
2025-10-20T09:13:31.1891420Z Receiving objects:  43% (54/124)
2025-10-20T09:13:31.1891790Z Receiving objects:  44% (55/124)
2025-10-20T09:13:31.1892180Z Receiving objects:  45% (56/124)
2025-10-20T09:13:31.1892560Z Receiving objects:  46% (58/124)
2025-10-20T09:13:31.1892920Z Receiving objects:  47% (59/124)
2025-10-20T09:13:31.1905960Z Receiving objects:  48% (60/124)
2025-10-20T09:13:31.1906460Z Receiving objects:  49% (61/124)
2025-10-20T09:13:31.1906920Z Receiving objects:  50% (62/124)
2025-10-20T09:13:31.1907320Z Receiving objects:  51% (64/124)
2025-10-20T09:13:31.2022050Z Receiving objects:  52% (65/124)
2025-10-20T09:13:31.2069580Z Receiving objects:  53% (66/124)
2025-10-20T09:13:31.2070460Z Receiving objects:  54% (67/124)
2025-10-20T09:13:31.2070940Z Receiving objects:  55% (69/124)
2025-10-20T09:13:31.2075780Z Receiving objects:  56% (70/124)
2025-10-20T09:13:31.2076200Z Receiving objects:  57% (71/124)
2025-10-20T09:13:31.2076630Z Receiving objects:  58% (72/124)
2025-10-20T09:13:31.2077010Z Receiving objects:  59% (74/124)
2025-10-20T09:13:31.2077390Z Receiving objects:  60% (75/124)
2025-10-20T09:13:31.2077770Z Receiving objects:  61% (76/124)
2025-10-20T09:13:31.2078380Z Receiving objects:  62% (77/124)
2025-10-20T09:13:31.2078790Z Receiving objects:  63% (79/124)
2025-10-20T09:13:31.2079210Z Receiving objects:  64% (80/124)
2025-10-20T09:13:31.2079580Z Receiving objects:  65% (81/124)
2025-10-20T09:13:31.2079950Z Receiving objects:  66% (82/124)
2025-10-20T09:13:31.2080320Z Receiving objects:  67% (84/124)
2025-10-20T09:13:31.2080700Z Receiving objects:  68% (85/124)
2025-10-20T09:13:31.2081080Z Receiving objects:  69% (86/124)
2025-10-20T09:13:31.2081450Z Receiving objects:  70% (87/124)
2025-10-20T09:13:31.2081820Z Receiving objects:  71% (89/124)
2025-10-20T09:13:31.2082190Z Receiving objects:  72% (90/124)
2025-10-20T09:13:31.2082570Z Receiving objects:  73% (91/124)
2025-10-20T09:13:31.2082980Z Receiving objects:  74% (92/124)
2025-10-20T09:13:31.2083380Z Receiving objects:  75% (93/124)
2025-10-20T09:13:31.2083770Z Receiving objects:  76% (95/124)
2025-10-20T09:13:31.2084140Z Receiving objects:  77% (96/124)
2025-10-20T09:13:31.2084520Z Receiving objects:  78% (97/124)
2025-10-20T09:13:31.2084900Z Receiving objects:  79% (98/124)
2025-10-20T09:13:31.2085270Z Receiving objects:  80% (100/124)
2025-10-20T09:13:31.2092330Z Receiving objects:  81% (101/124)
2025-10-20T09:13:31.2092730Z Receiving objects:  82% (102/124)
2025-10-20T09:13:31.2207730Z Receiving objects:  83% (103/124)
2025-10-20T09:13:31.2208210Z Receiving objects:  84% (105/124)
2025-10-20T09:13:31.2208620Z Receiving objects:  85% (106/124)
2025-10-20T09:13:31.2209000Z Receiving objects:  86% (107/124)
2025-10-20T09:13:31.2209380Z Receiving objects:  87% (108/124)
2025-10-20T09:13:31.2239260Z Receiving objects:  88% (110/124)
2025-10-20T09:13:31.2240310Z remote: Total 124 (delta 12), reused 45 (delta 9), pack-reused 0 (from 0)        
2025-10-20T09:13:31.2241590Z Receiving objects:  89% (111/124)
2025-10-20T09:13:31.2248460Z Receiving objects:  90% (112/124)
2025-10-20T09:13:31.2248910Z Receiving objects:  91% (113/124)
2025-10-20T09:13:31.2249360Z Receiving objects:  92% (115/124)
2025-10-20T09:13:31.2249770Z Receiving objects:  93% (116/124)
2025-10-20T09:13:31.2250150Z Receiving objects:  94% (117/124)
2025-10-20T09:13:31.2250520Z Receiving objects:  95% (118/124)
2025-10-20T09:13:31.2250890Z Receiving objects:  96% (120/124)
2025-10-20T09:13:31.2251280Z Receiving objects:  97% (121/124)
2025-10-20T09:13:31.2251660Z Receiving objects:  98% (122/124)
2025-10-20T09:13:31.2252030Z Receiving objects:  99% (123/124)
2025-10-20T09:13:31.2252410Z Receiving objects: 100% (124/124)
2025-10-20T09:13:31.2252890Z Receiving objects: 100% (124/124), 158.06 KiB | 3.23 MiB/s, done.
2025-10-20T09:13:31.2253410Z Resolving deltas:   0% (0/12)
2025-10-20T09:13:31.2253760Z Resolving deltas:   8% (1/12)
2025-10-20T09:13:31.2254120Z Resolving deltas:  16% (2/12)
2025-10-20T09:13:31.2254490Z Resolving deltas:  25% (3/12)
2025-10-20T09:13:31.2254840Z Resolving deltas:  33% (4/12)
2025-10-20T09:13:31.2255200Z Resolving deltas:  41% (5/12)
2025-10-20T09:13:31.2255560Z Resolving deltas:  50% (6/12)
2025-10-20T09:13:31.2255920Z Resolving deltas:  58% (7/12)
2025-10-20T09:13:31.2256280Z Resolving deltas:  66% (8/12)
2025-10-20T09:13:31.2256630Z Resolving deltas:  75% (9/12)
2025-10-20T09:13:31.2256990Z Resolving deltas:  83% (10/12)
2025-10-20T09:13:31.2257350Z Resolving deltas:  91% (11/12)
2025-10-20T09:13:31.2257700Z Resolving deltas: 100% (12/12)
2025-10-20T09:13:31.2258070Z Resolving deltas: 100% (12/12), done.
2025-10-20T09:13:31.2355980Z From https://github.com/pycanha-project/pycanha-core
2025-10-20T09:13:31.2357070Z  * [new ref]         5e0f68d4a49a357c10d33762902a2d786eb42665 -> pull/37/merge
2025-10-20T09:13:31.2440390Z ##[endgroup]
2025-10-20T09:13:31.2440980Z ##[group]Determining the checkout info
2025-10-20T09:13:31.2441610Z ##[endgroup]
2025-10-20T09:13:31.2442090Z ##[group]Checking out the ref
2025-10-20T09:13:31.2442780Z [command]/opt/homebrew/bin/git checkout --progress --force refs/remotes/pull/37/merge
2025-10-20T09:13:31.2625530Z HEAD is now at 5e0f68d Merge 44e738d720fbbaaff1358e1f36c2cb0b4cd5ddb6 into 78ffa5b08feb27e073df81fc59f4313c10d1aad8
2025-10-20T09:13:31.2635230Z ##[endgroup]
2025-10-20T09:13:31.2706320Z [command]/opt/homebrew/bin/git log -1 --format='%H'
2025-10-20T09:13:31.2762820Z '5e0f68d4a49a357c10d33762902a2d786eb42665'
2025-10-20T09:13:31.2891960Z ##[group]Run pip install conan
2025-10-20T09:13:31.2892460Z [36;1mpip install conan[0m
2025-10-20T09:13:31.2892870Z [36;1mpip install cmake[0m
2025-10-20T09:13:31.2932670Z shell: /bin/bash -e {0}
2025-10-20T09:13:31.2933020Z ##[endgroup]
2025-10-20T09:13:32.4732610Z Collecting conan
2025-10-20T09:13:32.5041430Z   Downloading conan-2.21.0.tar.gz (534 kB)
2025-10-20T09:13:32.5449750Z      ‚îÅ‚îÅ‚îÅ‚îÅ‚îÅ‚îÅ‚îÅ‚îÅ‚îÅ‚îÅ‚îÅ‚îÅ‚îÅ‚îÅ‚îÅ‚îÅ‚îÅ‚îÅ‚îÅ‚îÅ‚îÅ‚îÅ‚îÅ‚îÅ‚îÅ‚îÅ‚îÅ‚îÅ‚îÅ‚îÅ‚îÅ‚îÅ‚îÅ‚îÅ‚îÅ‚îÅ‚îÅ‚îÅ‚îÅ‚îÅ 534.6/534.6 kB 8.2 MB/s  0:00:00
2025-10-20T09:13:32.6320170Z   Installing build dependencies: started
2025-10-20T09:13:33.2812740Z   Installing build dependencies: finished with status 'done'
2025-10-20T09:13:33.2820760Z   Getting requirements to build wheel: started
2025-10-20T09:13:33.5467340Z   Getting requirements to build wheel: finished with status 'done'
2025-10-20T09:13:33.5480260Z   Preparing metadata (pyproject.toml): started
2025-10-20T09:13:33.7086900Z   Preparing metadata (pyproject.toml): finished with status 'done'
2025-10-20T09:13:33.7327720Z Collecting requests<3.0.0,>=2.25 (from conan)
2025-10-20T09:13:33.7365150Z   Downloading requests-2.32.5-py3-none-any.whl.metadata (4.9 kB)
2025-10-20T09:13:33.7530460Z Collecting urllib3<3.0,>=1.26.6 (from conan)
2025-10-20T09:13:33.7559750Z   Downloading urllib3-2.5.0-py3-none-any.whl.metadata (6.5 kB)
2025-10-20T09:13:33.7685780Z Collecting colorama<0.5.0,>=0.4.3 (from conan)
2025-10-20T09:13:33.7716450Z   Downloading colorama-0.4.6-py2.py3-none-any.whl.metadata (17 kB)
2025-10-20T09:13:33.7944430Z Collecting PyYAML<7.0,>=6.0 (from conan)
2025-10-20T09:13:33.7978340Z   Downloading pyyaml-6.0.3-cp313-cp313-macosx_11_0_arm64.whl.metadata (2.4 kB)
2025-10-20T09:13:33.8076210Z Collecting patch-ng<1.19,>=1.18.0 (from conan)
2025-10-20T09:13:33.8103960Z   Downloading patch-ng-1.18.1.tar.gz (17 kB)
2025-10-20T09:13:33.8183230Z   Installing build dependencies: started
2025-10-20T09:13:34.3288000Z   Installing build dependencies: finished with status 'done'
2025-10-20T09:13:34.3295100Z   Getting requirements to build wheel: started
2025-10-20T09:13:34.5578330Z   Getting requirements to build wheel: finished with status 'done'
2025-10-20T09:13:34.5588700Z   Preparing metadata (pyproject.toml): started
2025-10-20T09:13:34.6899480Z   Preparing metadata (pyproject.toml): finished with status 'done'
2025-10-20T09:13:34.7058390Z Collecting fasteners>=0.15 (from conan)
2025-10-20T09:13:34.7092620Z   Downloading fasteners-0.20-py3-none-any.whl.metadata (4.8 kB)
2025-10-20T09:13:34.7218200Z Collecting Jinja2<4.0.0,>=3.0 (from conan)
2025-10-20T09:13:34.7250970Z   Downloading jinja2-3.1.6-py3-none-any.whl.metadata (2.9 kB)
2025-10-20T09:13:34.7365890Z Collecting python-dateutil<3,>=2.8.0 (from conan)
2025-10-20T09:13:34.7399410Z   Downloading python_dateutil-2.9.0.post0-py2.py3-none-any.whl.metadata (8.4 kB)
2025-10-20T09:13:34.7964350Z Collecting MarkupSafe>=2.0 (from Jinja2<4.0.0,>=3.0->conan)
2025-10-20T09:13:34.8065640Z   Downloading markupsafe-3.0.3-cp313-cp313-macosx_11_0_arm64.whl.metadata (2.7 kB)
2025-10-20T09:13:34.8130700Z Collecting six>=1.5 (from python-dateutil<3,>=2.8.0->conan)
2025-10-20T09:13:34.8164490Z   Downloading six-1.17.0-py2.py3-none-any.whl.metadata (1.7 kB)
2025-10-20T09:13:34.8638910Z Collecting charset_normalizer<4,>=2 (from requests<3.0.0,>=2.25->conan)
2025-10-20T09:13:34.8674170Z   Downloading charset_normalizer-3.4.4-cp313-cp313-macosx_10_13_universal2.whl.metadata (37 kB)
2025-10-20T09:13:34.8808030Z Collecting idna<4,>=2.5 (from requests<3.0.0,>=2.25->conan)
2025-10-20T09:13:34.8844620Z   Downloading idna-3.11-py3-none-any.whl.metadata (8.4 kB)
2025-10-20T09:13:34.8927560Z Requirement already satisfied: certifi>=2017.4.17 in /Library/Frameworks/Python.framework/Versions/3.13/lib/python3.13/site-packages (from requests<3.0.0,>=2.25->conan) (2025.10.5)
2025-10-20T09:13:34.8993440Z Downloading colorama-0.4.6-py2.py3-none-any.whl (25 kB)
2025-10-20T09:13:34.9050810Z Downloading jinja2-3.1.6-py3-none-any.whl (134 kB)
2025-10-20T09:13:34.9106790Z Downloading python_dateutil-2.9.0.post0-py2.py3-none-any.whl (229 kB)
2025-10-20T09:13:34.9180350Z Downloading pyyaml-6.0.3-cp313-cp313-macosx_11_0_arm64.whl (173 kB)
2025-10-20T09:13:34.9240440Z Downloading requests-2.32.5-py3-none-any.whl (64 kB)
2025-10-20T09:13:34.9318350Z Downloading charset_normalizer-3.4.4-cp313-cp313-macosx_10_13_universal2.whl (208 kB)
2025-10-20T09:13:34.9377310Z Downloading idna-3.11-py3-none-any.whl (71 kB)
2025-10-20T09:13:34.9437310Z Downloading urllib3-2.5.0-py3-none-any.whl (129 kB)
2025-10-20T09:13:34.9526960Z Downloading fasteners-0.20-py3-none-any.whl (18 kB)
2025-10-20T09:13:34.9585510Z Downloading markupsafe-3.0.3-cp313-cp313-macosx_11_0_arm64.whl (12 kB)
2025-10-20T09:13:34.9630760Z Downloading six-1.17.0-py2.py3-none-any.whl (11 kB)
2025-10-20T09:13:34.9708720Z Building wheels for collected packages: conan, patch-ng
2025-10-20T09:13:34.9715230Z   Building wheel for conan (pyproject.toml): started
2025-10-20T09:13:35.3733040Z   Building wheel for conan (pyproject.toml): finished with status 'done'
2025-10-20T09:13:35.3746940Z   Created wheel for conan: filename=conan-2.21.0-py3-none-any.whl size=673947 sha256=3528fc35d26a782200de37236079282cf133b92b87ef75a29241fbd873c3f0c6
2025-10-20T09:13:35.3748070Z   Stored in directory: /Users/runner/Library/Caches/pip/wheels/ca/b1/71/6b9dfca4466a0a50f446a7c926c821edff97253e169499a9bd
2025-10-20T09:13:35.3787000Z   Building wheel for patch-ng (pyproject.toml): started
2025-10-20T09:13:35.5657490Z   Building wheel for patch-ng (pyproject.toml): finished with status 'done'
2025-10-20T09:13:35.5668340Z   Created wheel for patch-ng: filename=patch_ng-1.18.1-py3-none-any.whl size=17001 sha256=ada48cd9b8da6db4826fa72773b59482d40fb894ffa2bdfd327314c191b065d5
2025-10-20T09:13:35.5672300Z   Stored in directory: /Users/runner/Library/Caches/pip/wheels/43/44/12/fd3f7633c824273d14b9a7ddee20d0b59e354ef6f6b9fe8ce1
2025-10-20T09:13:35.5683390Z Successfully built conan patch-ng
2025-10-20T09:13:35.5818990Z Installing collected packages: urllib3, six, PyYAML, patch-ng, MarkupSafe, idna, fasteners, colorama, charset_normalizer, requests, python-dateutil, Jinja2, conan
2025-10-20T09:13:36.3012620Z 
2025-10-20T09:13:36.3114110Z Successfully installed Jinja2-3.1.6 MarkupSafe-3.0.3 PyYAML-6.0.3 charset_normalizer-3.4.4 colorama-0.4.6 conan-2.21.0 fasteners-0.20 idna-3.11 patch-ng-1.18.1 python-dateutil-2.9.0.post0 requests-2.32.5 six-1.17.0 urllib3-2.5.0
2025-10-20T09:13:36.9321560Z Collecting cmake
2025-10-20T09:13:36.9464110Z   Downloading cmake-4.1.0-py3-none-macosx_10_10_universal2.whl.metadata (6.5 kB)
2025-10-20T09:13:36.9691690Z Downloading cmake-4.1.0-py3-none-macosx_10_10_universal2.whl (49.5 MB)
2025-10-20T09:13:37.6018070Z    ‚îÅ‚îÅ‚îÅ‚îÅ‚îÅ‚îÅ‚îÅ‚îÅ‚îÅ‚îÅ‚îÅ‚îÅ‚îÅ‚îÅ‚îÅ‚îÅ‚îÅ‚îÅ‚îÅ‚îÅ‚îÅ‚îÅ‚îÅ‚îÅ‚îÅ‚îÅ‚îÅ‚îÅ‚îÅ‚îÅ‚îÅ‚îÅ‚îÅ‚îÅ‚îÅ‚îÅ‚îÅ‚îÅ‚îÅ‚îÅ 49.5/49.5 MB 78.8 MB/s  0:00:00
2025-10-20T09:13:37.6724090Z Installing collected packages: cmake
2025-10-20T09:13:38.4850350Z Successfully installed cmake-4.1.0
2025-10-20T09:13:38.5334990Z ##[group]Run brew update
2025-10-20T09:13:38.5335270Z [36;1mbrew update[0m
2025-10-20T09:13:38.5335420Z [36;1mbrew install gcc@12[0m
2025-10-20T09:13:38.5335630Z [36;1mGCC_PREFIX=$(brew --prefix gcc@12)[0m
2025-10-20T09:13:38.5335890Z [36;1mecho "CC=${GCC_PREFIX}/bin/gcc-12" >> $GITHUB_ENV[0m
2025-10-20T09:13:38.5336160Z [36;1mecho "CXX=${GCC_PREFIX}/bin/g++-12" >> $GITHUB_ENV[0m
2025-10-20T09:13:38.5368090Z shell: /bin/bash -e {0}
2025-10-20T09:13:38.5368290Z ##[endgroup]
2025-10-20T09:13:40.5364660Z [34m==>[0m [1mUpdating Homebrew...[0m
2025-10-20T09:13:51.8722870Z To restore the stashed changes to /opt/homebrew/Library/Taps/homebrew/homebrew-core, run:
2025-10-20T09:13:51.8723470Z   cd /opt/homebrew/Library/Taps/homebrew/homebrew-core && git stash pop
2025-10-20T09:13:52.8625460Z [34m==>[0m [1mHomebrew's analytics have entirely moved to our InfluxDB instance in the EU.[0m
2025-10-20T09:13:52.8626480Z We gather less data than before and have destroyed all Google Analytics data:
2025-10-20T09:13:52.8627000Z   [4mhttps://docs.brew.sh/Analytics[24m[0m
2025-10-20T09:13:52.8627400Z Please reconsider re-enabling analytics to help our volunteer maintainers with:
2025-10-20T09:13:52.8627840Z   brew analytics on
2025-10-20T09:13:52.8975040Z [34m==>[0m [1mHomebrew is run entirely by unpaid volunteers. Please consider donating:[0m
2025-10-20T09:13:52.9075870Z   [4mhttps://github.com/Homebrew/brew#donations[24m
2025-10-20T09:13:52.9176150Z 
2025-10-20T09:13:54.1784790Z Updated 3 taps (hashicorp/tap, homebrew/core and homebrew/cask).
2025-10-20T09:13:54.1786840Z [34m==>[0m [1mNew Formulae[0m
2025-10-20T09:13:54.5880630Z clippy: Copy files from your terminal that actually paste into GUI apps
2025-10-20T09:13:54.5897060Z fennel-ls: Language Server for Fennel
2025-10-20T09:13:54.5940500Z taze: Modern cli tool that keeps your deps fresh
2025-10-20T09:13:54.5987990Z zsv: Tabular data swiss-army knife CLI
2025-10-20T09:13:54.6001660Z [34m==>[0m [1mNew Casks[0m
2025-10-20T09:13:54.7874040Z backdrop: Live wallpaper app
2025-10-20T09:13:54.7943120Z codex: OpenAI's coding agent that runs in your terminal
2025-10-20T09:13:54.7944640Z dockflow: Manage Dock presets and switch between them instantly
2025-10-20T09:13:54.7945230Z launchos: Launchpad alternative
2025-10-20T09:13:54.7945630Z macpacker: Archive manager
2025-10-20T09:13:54.7946670Z proxygen-app: HTTP proxy tool
2025-10-20T09:13:54.7947060Z pxplay: Third-party Remote Play client for PlayStation consoles
2025-10-20T09:13:55.1308020Z [34m==>[0m [1mOutdated Formulae[0m
2025-10-20T09:13:55.1308490Z aws-sam-cli
2025-10-20T09:13:55.1308680Z cryptography
2025-10-20T09:13:55.1308850Z gh
2025-10-20T09:13:55.1308970Z git
2025-10-20T09:13:55.1310880Z git-lfs
2025-10-20T09:13:55.1311050Z libngtcp2
2025-10-20T09:13:55.1311220Z node@22
2025-10-20T09:13:55.1311400Z python@3.13
2025-10-20T09:13:55.1311650Z simdutf
2025-10-20T09:13:55.1311760Z swiftformat
2025-10-20T09:13:55.1311990Z 
2025-10-20T09:13:55.1312140Z You have [1m10[0m outdated formulae installed.
2025-10-20T09:13:55.1312570Z You can upgrade them with [1mbrew upgrade[0m
2025-10-20T09:13:55.1313030Z or list them with [1mbrew outdated[0m.
2025-10-20T09:13:56.6477590Z ##[warning]gcc@12 12.4.0 is already installed and up-to-date.
To reinstall 12.4.0, run:
  brew reinstall gcc@12

2025-10-20T09:13:56.7071730Z ##[group]Run conan config install .conan
2025-10-20T09:13:56.7071980Z [36;1mconan config install .conan[0m
2025-10-20T09:13:56.7106090Z shell: /bin/bash -e {0}
2025-10-20T09:13:56.7106260Z env:
2025-10-20T09:13:56.7106490Z   CC: /opt/homebrew/opt/gcc@12/bin/gcc-12
2025-10-20T09:13:56.7106720Z   CXX: /opt/homebrew/opt/gcc@12/bin/g++-12
2025-10-20T09:13:56.7106920Z ##[endgroup]
2025-10-20T09:13:57.1586430Z Copying file ubuntu-gcc12-amd64 to /Users/runner/.conan2/profiles
2025-10-20T09:13:57.1590670Z Copying file build-debug to /Users/runner/.conan2/profiles
2025-10-20T09:13:57.1594350Z Copying file options-ci to /Users/runner/.conan2/profiles
2025-10-20T09:13:57.1598170Z Copying file ubuntu-default-amd64 to /Users/runner/.conan2/profiles
2025-10-20T09:13:57.1603130Z Copying file build-release to /Users/runner/.conan2/profiles
2025-10-20T09:13:57.1605390Z Copying file macos-gcc12-arm64 to /Users/runner/.conan2/profiles
2025-10-20T09:13:57.1607300Z Copying file ubuntu-gcc13-amd64 to /Users/runner/.conan2/profiles
2025-10-20T09:13:57.1609780Z Copying file options-all to /Users/runner/.conan2/profiles
2025-10-20T09:13:57.1611800Z Copying file ubuntu-gcc11-amd64 to /Users/runner/.conan2/profiles
2025-10-20T09:13:57.1613670Z Copying file options-lib-warns to /Users/runner/.conan2/profiles
2025-10-20T09:13:57.1616110Z Copying file options-coverage to /Users/runner/.conan2/profiles
2025-10-20T09:13:57.1618010Z Copying file options-doc to /Users/runner/.conan2/profiles
2025-10-20T09:13:57.1621980Z Copying file windows-msvc2022-amd64 to /Users/runner/.conan2/profiles
2025-10-20T09:13:57.1625710Z Copying file options-ql to /Users/runner/.conan2/profiles
2025-10-20T09:13:57.1632090Z Copying file ubuntu-clang14-amd64 to /Users/runner/.conan2/profiles
2025-10-20T09:13:57.1635690Z Copying file windows-default-amd64 to /Users/runner/.conan2/profiles
2025-10-20T09:13:57.1636200Z Copying file ubuntu-clang16-amd64 to /Users/runner/.conan2/profiles
2025-10-20T09:13:57.1957970Z ##[group]Run conan create . --build=missing  -pr:h=macos-gcc12-arm64 -pr:h=build-release -pr:h=options-ci  -pr:b=macos-gcc12-arm64 -pr:b=build-release -pr:b=options-ci
2025-10-20T09:13:57.1958860Z [36;1mconan create . --build=missing  -pr:h=macos-gcc12-arm64 -pr:h=build-release -pr:h=options-ci  -pr:b=macos-gcc12-arm64 -pr:b=build-release -pr:b=options-ci[0m
2025-10-20T09:13:57.1994460Z shell: /bin/bash -e {0}
2025-10-20T09:13:57.1994660Z env:
2025-10-20T09:13:57.1994810Z   CC: /opt/homebrew/opt/gcc@12/bin/gcc-12
2025-10-20T09:13:57.1995030Z   CXX: /opt/homebrew/opt/gcc@12/bin/g++-12
2025-10-20T09:13:57.1995240Z ##[endgroup]
2025-10-20T09:13:57.4184570Z WARN: legacy: Unscoped option definition is ambiguous.
2025-10-20T09:13:57.4287030Z Use '&:PYCANHA_OPTION_CLANG_TIDY=True' to refer to the current package.
2025-10-20T09:13:57.4388850Z Use '*:PYCANHA_OPTION_CLANG_TIDY=True' or other pattern if the intent was to apply to dependencies
2025-10-20T09:13:57.4488680Z WARN: legacy: Unscoped option definition is ambiguous.
2025-10-20T09:13:57.4589700Z Use '&:PYCANHA_OPTION_COVERAGE=False' to refer to the current package.
2025-10-20T09:13:57.4691010Z Use '*:PYCANHA_OPTION_COVERAGE=False' or other pattern if the intent was to apply to dependencies
2025-10-20T09:13:57.4794690Z WARN: legacy: Unscoped option definition is ambiguous.
2025-10-20T09:13:57.4895940Z Use '&:PYCANHA_OPTION_CPPCHECK=True' to refer to the current package.
2025-10-20T09:13:57.4995740Z Use '*:PYCANHA_OPTION_CPPCHECK=True' or other pattern if the intent was to apply to dependencies
2025-10-20T09:13:57.4996570Z WARN: legacy: Unscoped option definition is ambiguous.
2025-10-20T09:13:57.5012290Z Use '&:PYCANHA_OPTION_DOCS=False' to refer to the current package.
2025-10-20T09:13:57.5013160Z Use '*:PYCANHA_OPTION_DOCS=False' or other pattern if the intent was to apply to dependencies
2025-10-20T09:13:57.5013680Z WARN: legacy: Unscoped option definition is ambiguous.
2025-10-20T09:13:57.5014140Z Use '&:PYCANHA_OPTION_INCLUDE_WHAT_YOU_USE=False' to refer to the current package.
2025-10-20T09:13:57.5014830Z Use '*:PYCANHA_OPTION_INCLUDE_WHAT_YOU_USE=False' or other pattern if the intent was to apply to dependencies
2025-10-20T09:13:57.5015530Z WARN: legacy: Unscoped option definition is ambiguous.
2025-10-20T09:13:57.5015960Z Use '&:PYCANHA_OPTION_LIBRARY=True' to refer to the current package.
2025-10-20T09:13:57.5016450Z Use '*:PYCANHA_OPTION_LIBRARY=True' or other pattern if the intent was to apply to dependencies
2025-10-20T09:13:57.5016910Z WARN: legacy: Unscoped option definition is ambiguous.
2025-10-20T09:13:57.5017700Z Use '&:PYCANHA_OPTION_LTO=True' to refer to the current package.
2025-10-20T09:13:57.5018210Z Use '*:PYCANHA_OPTION_LTO=True' or other pattern if the intent was to apply to dependencies
2025-10-20T09:13:57.5018660Z WARN: legacy: Unscoped option definition is ambiguous.
2025-10-20T09:13:57.5019170Z Use '&:PYCANHA_OPTION_SANITIZE_ADDR=True' to refer to the current package.
2025-10-20T09:13:57.5019750Z Use '*:PYCANHA_OPTION_SANITIZE_ADDR=True' or other pattern if the intent was to apply to dependencies
2025-10-20T09:13:57.5020220Z WARN: legacy: Unscoped option definition is ambiguous.
2025-10-20T09:13:57.5020640Z Use '&:PYCANHA_OPTION_SANITIZE_UNDEF=True' to refer to the current package.
2025-10-20T09:13:57.5021150Z Use '*:PYCANHA_OPTION_SANITIZE_UNDEF=True' or other pattern if the intent was to apply to dependencies
2025-10-20T09:13:57.5021690Z WARN: legacy: Unscoped option definition is ambiguous.
2025-10-20T09:13:57.5022140Z Use '&:PYCANHA_OPTION_WARNINGS=True' to refer to the current package.
2025-10-20T09:13:57.5022660Z Use '*:PYCANHA_OPTION_WARNINGS=True' or other pattern if the intent was to apply to dependencies
2025-10-20T09:13:57.5023110Z WARN: legacy: Unscoped option definition is ambiguous.
2025-10-20T09:13:57.5023560Z Use '&:PYCANHA_OPTION_WARNINGS_AS_ERRORS=True' to refer to the current package.
2025-10-20T09:13:57.5024810Z Use '*:PYCANHA_OPTION_WARNINGS_AS_ERRORS=True' or other pattern if the intent was to apply to dependencies
2025-10-20T09:13:57.5025330Z WARN: legacy: Unscoped option definition is ambiguous.
2025-10-20T09:13:57.5028500Z Use '&:PYCANHA_OPTION_CLANG_TIDY=True' to refer to the current package.
2025-10-20T09:13:57.5029100Z Use '*:PYCANHA_OPTION_CLANG_TIDY=True' or other pattern if the intent was to apply to dependencies
2025-10-20T09:13:57.5029650Z WARN: legacy: Unscoped option definition is ambiguous.
2025-10-20T09:13:57.5030090Z Use '&:PYCANHA_OPTION_COVERAGE=False' to refer to the current package.
2025-10-20T09:13:57.5030620Z Use '*:PYCANHA_OPTION_COVERAGE=False' or other pattern if the intent was to apply to dependencies
2025-10-20T09:13:57.5031070Z WARN: legacy: Unscoped option definition is ambiguous.
2025-10-20T09:13:57.5031490Z Use '&:PYCANHA_OPTION_CPPCHECK=True' to refer to the current package.
2025-10-20T09:13:57.5032910Z Use '*:PYCANHA_OPTION_CPPCHECK=True' or other pattern if the intent was to apply to dependencies
2025-10-20T09:13:57.5033410Z WARN: legacy: Unscoped option definition is ambiguous.
2025-10-20T09:13:57.5033840Z Use '&:PYCANHA_OPTION_DOCS=False' to refer to the current package.
2025-10-20T09:13:57.5034320Z Use '*:PYCANHA_OPTION_DOCS=False' or other pattern if the intent was to apply to dependencies
2025-10-20T09:13:57.5034780Z WARN: legacy: Unscoped option definition is ambiguous.
2025-10-20T09:13:57.5035210Z Use '&:PYCANHA_OPTION_INCLUDE_WHAT_YOU_USE=False' to refer to the current package.
2025-10-20T09:13:57.5037430Z Use '*:PYCANHA_OPTION_INCLUDE_WHAT_YOU_USE=False' or other pattern if the intent was to apply to dependencies
2025-10-20T09:13:57.5038240Z WARN: legacy: Unscoped option definition is ambiguous.
2025-10-20T09:13:57.5038640Z Use '&:PYCANHA_OPTION_LIBRARY=True' to refer to the current package.
2025-10-20T09:13:57.5039850Z Use '*:PYCANHA_OPTION_LIBRARY=True' or other pattern if the intent was to apply to dependencies
2025-10-20T09:13:57.5042050Z WARN: legacy: Unscoped option definition is ambiguous.
2025-10-20T09:13:57.5042450Z Use '&:PYCANHA_OPTION_LTO=True' to refer to the current package.
2025-10-20T09:13:57.5043320Z Use '*:PYCANHA_OPTION_LTO=True' or other pattern if the intent was to apply to dependencies
2025-10-20T09:13:57.5044020Z WARN: legacy: Unscoped option definition is ambiguous.
2025-10-20T09:13:57.5044460Z Use '&:PYCANHA_OPTION_SANITIZE_ADDR=True' to refer to the current package.
2025-10-20T09:13:57.5045100Z Use '*:PYCANHA_OPTION_SANITIZE_ADDR=True' or other pattern if the intent was to apply to dependencies
2025-10-20T09:13:57.5045650Z WARN: legacy: Unscoped option definition is ambiguous.
2025-10-20T09:13:57.5046060Z Use '&:PYCANHA_OPTION_SANITIZE_UNDEF=True' to refer to the current package.
2025-10-20T09:13:57.5053630Z Use '*:PYCANHA_OPTION_SANITIZE_UNDEF=True' or other pattern if the intent was to apply to dependencies
2025-10-20T09:13:57.5054150Z WARN: legacy: Unscoped option definition is ambiguous.
2025-10-20T09:13:57.5054580Z Use '&:PYCANHA_OPTION_WARNINGS=True' to refer to the current package.
2025-10-20T09:13:57.5055070Z Use '*:PYCANHA_OPTION_WARNINGS=True' or other pattern if the intent was to apply to dependencies
2025-10-20T09:13:57.5061840Z WARN: legacy: Unscoped option definition is ambiguous.
2025-10-20T09:13:57.5063450Z Use '&:PYCANHA_OPTION_WARNINGS_AS_ERRORS=True' to refer to the current package.
2025-10-20T09:13:57.5064060Z Use '*:PYCANHA_OPTION_WARNINGS_AS_ERRORS=True' or other pattern if the intent was to apply to dependencies
2025-10-20T09:13:57.5064470Z 
2025-10-20T09:13:57.5064660Z ======== Exporting recipe to the cache ========
2025-10-20T09:13:57.5065160Z pycanha-core/0.2: Exporting package recipe: /Users/runner/work/pycanha-core/pycanha-core/conanfile.py
2025-10-20T09:13:57.5069290Z pycanha-core/0.2: Copied 1 '.py' file: conanfile.py
2025-10-20T09:13:57.5069740Z pycanha-core/0.2: Copied 3 '.txt' files: CMakeLists.txt, CMakeLists.txt, CMakeLists.txt
2025-10-20T09:13:57.5070160Z pycanha-core/0.2: Copied 24 '.cpp' files
2025-10-20T09:13:57.5070520Z pycanha-core/0.2: Copied 7 '.cmake' files
2025-10-20T09:13:57.5071270Z pycanha-core/0.2: Copied 28 '.hpp' files
2025-10-20T09:13:57.5071780Z pycanha-core/0.2: Copied 1 '.in' file: config.hpp.in
2025-10-20T09:13:57.5072790Z pycanha-core/0.2: Exported to cache folder: /Users/runner/.conan2/p/pycan78827ceee2a97/e
2025-10-20T09:13:57.5073360Z pycanha-core/0.2: Exported: pycanha-core/0.2#2cdabecbb4c420cff8cd2e2d81595238 (2025-10-20 09:13:57 UTC)
2025-10-20T09:13:57.5073750Z 
2025-10-20T09:13:57.5073910Z ======== Input profiles ========
2025-10-20T09:13:57.5074450Z Profile host:
2025-10-20T09:13:57.5074690Z [settings]
2025-10-20T09:13:57.5082150Z arch=armv8
2025-10-20T09:13:57.5082450Z build_type=Release
2025-10-20T09:13:57.5082690Z compiler=gcc
2025-10-20T09:13:57.5082920Z compiler.cppstd=23
2025-10-20T09:13:57.5083170Z compiler.libcxx=libstdc++11
2025-10-20T09:13:57.5083450Z compiler.version=12
2025-10-20T09:13:57.5083680Z os=Macos
2025-10-20T09:13:57.5083910Z [options]
2025-10-20T09:13:57.5084160Z PYCANHA_OPTION_CLANG_TIDY=True
2025-10-20T09:13:57.5093830Z PYCANHA_OPTION_COVERAGE=False
2025-10-20T09:13:57.5194660Z PYCANHA_OPTION_CPPCHECK=True
2025-10-20T09:13:57.5196930Z PYCANHA_OPTION_DOCS=False
2025-10-20T09:13:57.5197260Z PYCANHA_OPTION_INCLUDE_WHAT_YOU_USE=False
2025-10-20T09:13:57.5197540Z PYCANHA_OPTION_LIBRARY=True
2025-10-20T09:13:57.5197780Z PYCANHA_OPTION_LTO=True
2025-10-20T09:13:57.5198040Z PYCANHA_OPTION_SANITIZE_ADDR=True
2025-10-20T09:13:57.5198300Z PYCANHA_OPTION_SANITIZE_UNDEF=True
2025-10-20T09:13:57.5198560Z PYCANHA_OPTION_WARNINGS=True
2025-10-20T09:13:57.5199340Z PYCANHA_OPTION_WARNINGS_AS_ERRORS=True
2025-10-20T09:13:57.5199600Z [buildenv]
2025-10-20T09:13:57.5199820Z CC= /opt/homebrew/opt/gcc@12/bin/gcc-12
2025-10-20T09:13:57.5200120Z CXX= /opt/homebrew/opt/gcc@12/bin/g++-12
2025-10-20T09:13:57.5200410Z CFLAGS= -include stdio.h
2025-10-20T09:13:57.5200650Z CXXFLAGS= -include cstdio
2025-10-20T09:13:57.5200830Z 
2025-10-20T09:13:57.5200950Z Profile build:
2025-10-20T09:13:57.5201170Z [settings]
2025-10-20T09:13:57.5201360Z arch=armv8
2025-10-20T09:13:57.5201560Z build_type=Release
2025-10-20T09:13:57.5201790Z compiler=gcc
2025-10-20T09:13:57.5201990Z compiler.cppstd=23
2025-10-20T09:13:57.5202210Z compiler.libcxx=libstdc++11
2025-10-20T09:13:57.5202450Z compiler.version=12
2025-10-20T09:13:57.5202670Z os=Macos
2025-10-20T09:13:57.5202860Z [options]
2025-10-20T09:13:57.5203060Z PYCANHA_OPTION_CLANG_TIDY=True
2025-10-20T09:13:57.5203320Z PYCANHA_OPTION_COVERAGE=False
2025-10-20T09:13:57.5203560Z PYCANHA_OPTION_CPPCHECK=True
2025-10-20T09:13:57.5203810Z PYCANHA_OPTION_DOCS=False
2025-10-20T09:13:57.5204060Z PYCANHA_OPTION_INCLUDE_WHAT_YOU_USE=False
2025-10-20T09:13:57.5204340Z PYCANHA_OPTION_LIBRARY=True
2025-10-20T09:13:57.5204580Z PYCANHA_OPTION_LTO=True
2025-10-20T09:13:57.5204810Z PYCANHA_OPTION_SANITIZE_ADDR=True
2025-10-20T09:13:57.5205080Z PYCANHA_OPTION_SANITIZE_UNDEF=True
2025-10-20T09:13:57.5205380Z PYCANHA_OPTION_WARNINGS=True
2025-10-20T09:13:57.5205650Z PYCANHA_OPTION_WARNINGS_AS_ERRORS=True
2025-10-20T09:13:57.5217210Z [buildenv]
2025-10-20T09:13:57.5217950Z CC= /opt/homebrew/opt/gcc@12/bin/gcc-12
2025-10-20T09:13:57.5218250Z CXX= /opt/homebrew/opt/gcc@12/bin/g++-12
2025-10-20T09:13:57.5218510Z CFLAGS= -include stdio.h
2025-10-20T09:13:57.5218750Z CXXFLAGS= -include cstdio
2025-10-20T09:13:57.5218920Z 
2025-10-20T09:13:57.5218990Z 
2025-10-20T09:13:57.5219150Z ======== Computing dependency graph ========
2025-10-20T09:13:57.5219470Z eigen/3.4.0: Not found in local cache, looking in remotes...
2025-10-20T09:13:57.5219800Z eigen/3.4.0: Checking remote: conancenter
2025-10-20T09:13:57.5220080Z Connecting to remote 'conancenter' anonymously
2025-10-20T09:13:57.6691900Z eigen/3.4.0: Downloaded recipe revision e7256a460e38f651ab0aa5246f94cf6a
2025-10-20T09:13:57.6713270Z catch2/3.3.2: Not found in local cache, looking in remotes...
2025-10-20T09:13:57.6713630Z catch2/3.3.2: Checking remote: conancenter
2025-10-20T09:13:57.7672100Z catch2/3.3.2: Downloaded recipe revision 3c2be9ddd9ce166ebb318afb0510295a
2025-10-20T09:13:57.7695960Z Graph root
2025-10-20T09:13:57.7696490Z     cli
2025-10-20T09:13:57.7696670Z Requirements
2025-10-20T09:13:57.7697350Z     eigen/3.4.0#e7256a460e38f651ab0aa5246f94cf6a - Downloaded (conancenter)
2025-10-20T09:13:57.7697700Z     pycanha-core/0.2#2cdabecbb4c420cff8cd2e2d81595238 - Cache
2025-10-20T09:13:57.7698000Z Test requirements
2025-10-20T09:13:57.7698310Z     catch2/3.3.2#3c2be9ddd9ce166ebb318afb0510295a - Downloaded (conancenter)
2025-10-20T09:13:57.7698600Z 
2025-10-20T09:13:57.7698740Z ======== Computing necessary packages ========
2025-10-20T09:13:57.9394450Z pycanha-core/0.2: Main binary package '7f70852d2094169bbb2a64bac24ffd7e209449a3' missing
2025-10-20T09:13:57.9495500Z pycanha-core/0.2: Checking 1 compatible configurations
2025-10-20T09:13:57.9596560Z pycanha-core/0.2: Compatible configurations not found in cache, checking servers
2025-10-20T09:13:57.9700190Z pycanha-core/0.2: '13d6a952168ae90f0e50c38096e05329c08c909b': compiler.cppstd=gnu23
2025-10-20T09:13:58.0202560Z Requirements
2025-10-20T09:13:58.0304300Z     eigen/3.4.0#e7256a460e38f651ab0aa5246f94cf6a:da39a3ee5e6b4b0d3255bfef95601890afd80709#b2e7c2d86c5d1dbefc534889aa72e12c - Download (conancenter)
2025-10-20T09:13:58.0405560Z     pycanha-core/0.2#2cdabecbb4c420cff8cd2e2d81595238:7f70852d2094169bbb2a64bac24ffd7e209449a3 - Build
2025-10-20T09:13:58.0506440Z Test requirements
2025-10-20T09:13:58.0607470Z     catch2/3.3.2#3c2be9ddd9ce166ebb318afb0510295a:ca46d8a923282316e1f01a7151e50e7c38764362 - Build
2025-10-20T09:13:58.0708170Z 
2025-10-20T09:13:58.0734230Z ======== Installing packages ========
2025-10-20T09:13:58.0756010Z 
2025-10-20T09:13:58.0781980Z -------- Downloading 1 package --------
2025-10-20T09:13:58.0790040Z eigen/3.4.0: Retrieving package da39a3ee5e6b4b0d3255bfef95601890afd80709 from remote 'conancenter' 
2025-10-20T09:13:58.1816890Z eigen/3.4.0: Package installed da39a3ee5e6b4b0d3255bfef95601890afd80709
2025-10-20T09:13:58.1817410Z eigen/3.4.0: Downloaded package revision b2e7c2d86c5d1dbefc534889aa72e12c
2025-10-20T09:13:58.1860190Z catch2/3.3.2: Sources downloaded from 'conancenter'
2025-10-20T09:13:58.1863750Z catch2/3.3.2: Calling source() in /Users/runner/.conan2/p/catch7251b1077f900/s/src
2025-10-20T09:13:58.5402670Z catch2/3.3.2: Uncompressing v3.3.2.tar.gz to .
2025-10-20T09:13:58.6324920Z 
2025-10-20T09:13:58.6426660Z -------- Installing package catch2/3.3.2 (1 of 3) --------
2025-10-20T09:13:58.6539280Z catch2/3.3.2: Building from source
2025-10-20T09:13:58.6641140Z catch2/3.3.2: Package catch2/3.3.2:ca46d8a923282316e1f01a7151e50e7c38764362
2025-10-20T09:13:58.6742460Z catch2/3.3.2: settings: os=Macos arch=armv8 compiler=gcc compiler.cppstd=23 compiler.libcxx=libstdc++11 compiler.version=12 build_type=Release
2025-10-20T09:13:58.6844120Z catch2/3.3.2: options: console_width=80 default_reporter=None fPIC=True no_posix_signals=False shared=False with_prefix=False
2025-10-20T09:13:58.6946310Z catch2/3.3.2: Copying sources to build folder
2025-10-20T09:13:58.7248460Z catch2/3.3.2: Building your package in /Users/runner/.conan2/p/b/catchd249c0032ff03/b
2025-10-20T09:13:58.7294960Z catch2/3.3.2: Calling generate()
2025-10-20T09:13:58.7333790Z catch2/3.3.2: Generators folder: /Users/runner/.conan2/p/b/catchd249c0032ff03/b/build/Release/generators
2025-10-20T09:13:58.7434800Z catch2/3.3.2: CMakeToolchain generated: conan_toolchain.cmake
2025-10-20T09:13:58.7511740Z catch2/3.3.2: CMakeToolchain generated: /Users/runner/.conan2/p/b/catchd249c0032ff03/b/build/Release/generators/CMakePresets.json
2025-10-20T09:13:58.7523190Z catch2/3.3.2: CMakeToolchain generated: /Users/runner/.conan2/p/b/catchd249c0032ff03/b/src/CMakeUserPresets.json
2025-10-20T09:13:58.7523730Z catch2/3.3.2: Generating aggregated env files
2025-10-20T09:13:58.7524120Z catch2/3.3.2: Generated aggregated env files: ['conanbuild.sh', 'conanrun.sh']
2025-10-20T09:13:58.7525440Z catch2/3.3.2: Calling build()
2025-10-20T09:13:58.7527970Z catch2/3.3.2: apply_conandata_patches(): No patches defined in conandata
2025-10-20T09:13:58.7536980Z catch2/3.3.2: Running CMake.configure()
2025-10-20T09:13:58.7538440Z catch2/3.3.2: RUN: cmake -G "Unix Makefiles" -DCMAKE_TOOLCHAIN_FILE="generators/conan_toolchain.cmake" -DCMAKE_INSTALL_PREFIX="/Users/runner/.conan2/p/b/catchd249c0032ff03/p" -DCATCH_INSTALL_DOCS="OFF" -DCATCH_INSTALL_EXTRAS="ON" -DCATCH_DEVELOPMENT_BUILD="OFF" -DCMAKE_POLICY_DEFAULT_CMP0091="NEW" -DCMAKE_BUILD_TYPE="Release" "/Users/runner/.conan2/p/b/catchd249c0032ff03/b/src"
2025-10-20T09:13:58.8194280Z -- Using Conan toolchain: /Users/runner/.conan2/p/b/catchd249c0032ff03/b/build/Release/generators/conan_toolchain.cmake
2025-10-20T09:13:58.8200340Z -- Conan toolchain: Setting CMAKE_POSITION_INDEPENDENT_CODE=ON (options.fPIC)
2025-10-20T09:13:58.8200910Z -- Conan toolchain: C++ Standard 23 with extensions OFF
2025-10-20T09:13:58.8201280Z -- Conan toolchain: Setting BUILD_SHARED_LIBS = OFF
2025-10-20T09:14:01.0977340Z -- The CXX compiler identification is GNU 12.4.0
2025-10-20T09:14:01.5504470Z -- Checking whether CXX compiler has -isysroot
2025-10-20T09:14:01.6793940Z -- Checking whether CXX compiler has -isysroot - yes
2025-10-20T09:14:01.6816200Z -- Checking whether CXX compiler supports OSX deployment target flag
2025-10-20T09:14:01.7388000Z -- Checking whether CXX compiler supports OSX deployment target flag - yes
2025-10-20T09:14:01.7430470Z -- Detecting CXX compiler ABI info
2025-10-20T09:14:02.3824320Z -- Detecting CXX compiler ABI info - failed
2025-10-20T09:14:02.3824780Z -- Check for working CXX compiler: /opt/homebrew/opt/gcc@12/bin/g++-12
2025-10-20T09:14:02.6140380Z -- Check for working CXX compiler: /opt/homebrew/opt/gcc@12/bin/g++-12 - broken
2025-10-20T09:14:02.6141470Z CMake Error at /opt/homebrew/share/cmake/Modules/CMakeTestCXXCompiler.cmake:73 (message):
2025-10-20T09:14:02.6142040Z   The C++ compiler
2025-10-20T09:14:02.6142270Z 
2025-10-20T09:14:02.6142460Z     "/opt/homebrew/opt/gcc@12/bin/g++-12"
2025-10-20T09:14:02.6142690Z 
2025-10-20T09:14:02.6142890Z   is not able to compile a simple test program.
2025-10-20T09:14:02.6143130Z 
2025-10-20T09:14:02.6143290Z   It fails with the following output:
2025-10-20T09:14:02.6143530Z 
2025-10-20T09:14:02.6143900Z     Change Dir: '/Users/runner/.conan2/p/b/catchd249c0032ff03/b/build/Release/CMakeFiles/CMakeScratch/TryCompile-AwIPj7'
2025-10-20T09:14:02.6144440Z     
2025-10-20T09:14:02.6145310Z     Run Build Command(s): /opt/homebrew/bin/cmake -E env VERBOSE=1 /usr/bin/make -f Makefile cmTC_c2d1d/fast
2025-10-20T09:14:02.6147390Z     /Applications/Xcode_16.4.app/Contents/Developer/usr/bin/make  -f CMakeFiles/cmTC_c2d1d.dir/build.make CMakeFiles/cmTC_c2d1d.dir/build
2025-10-20T09:14:02.6148100Z     Building CXX object CMakeFiles/cmTC_c2d1d.dir/testCXXCompiler.cxx.o
2025-10-20T09:14:02.6149370Z     /opt/homebrew/opt/gcc@12/bin/g++-12   -include cstdio  -std=c++23 -arch arm64 -isysroot /Applications/Xcode_16.4.app/Contents/Developer/Platforms/MacOSX.platform/Developer/SDKs/MacOSX15.5.sdk -fPIE -o CMakeFiles/cmTC_c2d1d.dir/testCXXCompiler.cxx.o -c /Users/runner/.conan2/p/b/catchd249c0032ff03/b/build/Release/CMakeFiles/CMakeScratch/TryCompile-AwIPj7/testCXXCompiler.cxx
2025-10-20T09:14:02.6150800Z     In file included from /opt/homebrew/Cellar/gcc@12/12.4.0/include/c++/12/cstdio:42,
2025-10-20T09:14:02.6151220Z                      from <command-line>:
2025-10-20T09:14:02.6151790Z     /opt/homebrew/Cellar/gcc@12/12.4.0/lib/gcc/12/gcc/aarch64-apple-darwin23/12/include-fixed/stdio.h:83:8: error: 'FILE' does not name a type
2025-10-20T09:14:02.6152400Z        83 | extern FILE *__stdinp;
2025-10-20T09:14:02.6152650Z           |        ^~~~
2025-10-20T09:14:02.6153180Z     /opt/homebrew/Cellar/gcc@12/12.4.0/lib/gcc/12/gcc/aarch64-apple-darwin23/12/include-fixed/stdio.h:81:1: note: 'FILE' is defined in header '<cstdio>'; did you forget to '#include <cstdio>'?
2025-10-20T09:14:02.6153760Z        80 | #include <sys/_types/_seek_set.h>
2025-10-20T09:14:02.6153960Z       +++ |+#include <cstdio>
2025-10-20T09:14:02.6154150Z        81 | 
2025-10-20T09:14:02.6154920Z     /opt/homebrew/Cellar/gcc@12/12.4.0/lib/gcc/12/gcc/aarch64-apple-darwin23/12/include-fixed/stdio.h:84:8: error: 'FILE' does not name a type
2025-10-20T09:14:02.6155370Z        84 | extern FILE *__stdoutp;
2025-10-20T09:14:02.6155580Z           |        ^~~~
2025-10-20T09:14:02.6156130Z     /opt/homebrew/Cellar/gcc@12/12.4.0/lib/gcc/12/gcc/aarch64-apple-darwin23/12/include-fixed/stdio.h:84:8: note: 'FILE' is defined in header '<cstdio>'; did you forget to '#include <cstdio>'?
2025-10-20T09:14:02.6156970Z     /opt/homebrew/Cellar/gcc@12/12.4.0/lib/gcc/12/gcc/aarch64-apple-darwin23/12/include-fixed/stdio.h:85:8: error: 'FILE' does not name a type
2025-10-20T09:14:02.6157430Z        85 | extern FILE *__stderrp;
2025-10-20T09:14:02.6157600Z           |        ^~~~
2025-10-20T09:14:02.6158200Z     /opt/homebrew/Cellar/gcc@12/12.4.0/lib/gcc/12/gcc/aarch64-apple-darwin23/12/include-fixed/stdio.h:85:8: note: 'FILE' is defined in header '<cstdio>'; did you forget to '#include <cstdio>'?
2025-10-20T09:14:02.6159120Z     /opt/homebrew/Cellar/gcc@12/12.4.0/lib/gcc/12/gcc/aarch64-apple-darwin23/12/include-fixed/stdio.h:148:10: error: variable or field 'clearerr' declared void
2025-10-20T09:14:02.6159610Z       148 | void     clearerr(FILE *);
2025-10-20T09:14:02.6159770Z           |          ^~~~~~~~
2025-10-20T09:14:02.6160200Z     /opt/homebrew/Cellar/gcc@12/12.4.0/lib/gcc/12/gcc/aarch64-apple-darwin23/12/include-fixed/stdio.h:148:19: error: 'FILE' was not declared in this scope
2025-10-20T09:14:02.6160710Z       148 | void     clearerr(FILE *);
2025-10-20T09:14:02.6160910Z           |                   ^~~~
2025-10-20T09:14:02.6161740Z     /opt/homebrew/Cellar/gcc@12/12.4.0/lib/gcc/12/gcc/aarch64-apple-darwin23/12/include-fixed/stdio.h:148:19: note: 'FILE' is defined in header '<cstdio>'; did you forget to '#include <cstdio>'?
2025-10-20T09:14:02.6162620Z     /opt/homebrew/Cellar/gcc@12/12.4.0/lib/gcc/12/gcc/aarch64-apple-darwin23/12/include-fixed/stdio.h:148:25: error: expected primary-expression before ')' token
2025-10-20T09:14:02.6163120Z       148 | void     clearerr(FILE *);
2025-10-20T09:14:02.6163290Z           |                         ^
2025-10-20T09:14:02.6163790Z     /opt/homebrew/Cellar/gcc@12/12.4.0/lib/gcc/12/gcc/aarch64-apple-darwin23/12/include-fixed/stdio.h:149:17: error: 'FILE' was not declared in this scope
2025-10-20T09:14:02.6164250Z       149 | int      fclose(FILE *);
2025-10-20T09:14:02.6164440Z           |                 ^~~~
2025-10-20T09:14:02.6164990Z     /opt/homebrew/Cellar/gcc@12/12.4.0/lib/gcc/12/gcc/aarch64-apple-darwin23/12/include-fixed/stdio.h:149:17: note: 'FILE' is defined in header '<cstdio>'; did you forget to '#include <cstdio>'?
2025-10-20T09:14:02.6165860Z     /opt/homebrew/Cellar/gcc@12/12.4.0/lib/gcc/12/gcc/aarch64-apple-darwin23/12/include-fixed/stdio.h:149:23: error: expected primary-expression before ')' token
2025-10-20T09:14:02.6166380Z       149 | int      fclose(FILE *);
2025-10-20T09:14:02.6166580Z           |                       ^
2025-10-20T09:14:02.6167050Z     /opt/homebrew/Cellar/gcc@12/12.4.0/lib/gcc/12/gcc/aarch64-apple-darwin23/12/include-fixed/stdio.h:150:15: error: 'FILE' was not declared in this scope
2025-10-20T09:14:02.6167560Z       150 | int      feof(FILE *);
2025-10-20T09:14:02.6167740Z           |               ^~~~
2025-10-20T09:14:02.6168290Z     /opt/homebrew/Cellar/gcc@12/12.4.0/lib/gcc/12/gcc/aarch64-apple-darwin23/12/include-fixed/stdio.h:150:15: note: 'FILE' is defined in header '<cstdio>'; did you forget to '#include <cstdio>'?
2025-10-20T09:14:02.6169120Z     /opt/homebrew/Cellar/gcc@12/12.4.0/lib/gcc/12/gcc/aarch64-apple-darwin23/12/include-fixed/stdio.h:150:21: error: expected primary-expression before ')' token
2025-10-20T09:14:02.6169590Z       150 | int      feof(FILE *);
2025-10-20T09:14:02.6169740Z           |                     ^
2025-10-20T09:14:02.6170170Z     /opt/homebrew/Cellar/gcc@12/12.4.0/lib/gcc/12/gcc/aarch64-apple-darwin23/12/include-fixed/stdio.h:151:17: error: 'FILE' was not declared in this scope
2025-10-20T09:14:02.6170610Z       151 | int      ferror(FILE *);
2025-10-20T09:14:02.6170820Z           |                 ^~~~
2025-10-20T09:14:02.6171580Z     /opt/homebrew/Cellar/gcc@12/12.4.0/lib/gcc/12/gcc/aarch64-apple-darwin23/12/include-fixed/stdio.h:151:17: note: 'FILE' is defined in header '<cstdio>'; did you forget to '#include <cstdio>'?
2025-10-20T09:14:02.6172450Z     /opt/homebrew/Cellar/gcc@12/12.4.0/lib/gcc/12/gcc/aarch64-apple-darwin23/12/include-fixed/stdio.h:151:23: error: expected primary-expression before ')' token
2025-10-20T09:14:02.6172910Z       151 | int      ferror(FILE *);
2025-10-20T09:14:02.6173110Z           |                       ^
2025-10-20T09:14:02.6173550Z     /opt/homebrew/Cellar/gcc@12/12.4.0/lib/gcc/12/gcc/aarch64-apple-darwin23/12/include-fixed/stdio.h:152:17: error: 'FILE' was not declared in this scope
2025-10-20T09:14:02.6173990Z       152 | int      fflush(FILE *);
2025-10-20T09:14:02.6174140Z           |                 ^~~~
2025-10-20T09:14:02.6174650Z     /opt/homebrew/Cellar/gcc@12/12.4.0/lib/gcc/12/gcc/aarch64-apple-darwin23/12/include-fixed/stdio.h:152:17: note: 'FILE' is defined in header '<cstdio>'; did you forget to '#include <cstdio>'?
2025-10-20T09:14:02.6175470Z     /opt/homebrew/Cellar/gcc@12/12.4.0/lib/gcc/12/gcc/aarch64-apple-darwin23/12/include-fixed/stdio.h:152:23: error: expected primary-expression before ')' token
2025-10-20T09:14:02.6175950Z       152 | int      fflush(FILE *);
2025-10-20T09:14:02.6176110Z           |                       ^
2025-10-20T09:14:02.6176540Z     /opt/homebrew/Cellar/gcc@12/12.4.0/lib/gcc/12/gcc/aarch64-apple-darwin23/12/include-fixed/stdio.h:153:16: error: 'FILE' was not declared in this scope
2025-10-20T09:14:02.6177160Z       153 | int      fgetc(FILE *);
2025-10-20T09:14:02.6177310Z           |                ^~~~
2025-10-20T09:14:02.6177810Z     /opt/homebrew/Cellar/gcc@12/12.4.0/lib/gcc/12/gcc/aarch64-apple-darwin23/12/include-fixed/stdio.h:153:16: note: 'FILE' is defined in header '<cstdio>'; did you forget to '#include <cstdio>'?
2025-10-20T09:14:02.6178680Z     /opt/homebrew/Cellar/gcc@12/12.4.0/lib/gcc/12/gcc/aarch64-apple-darwin23/12/include-fixed/stdio.h:153:22: error: expected primary-expression before ')' token
2025-10-20T09:14:02.6179160Z       153 | int      fgetc(FILE *);
2025-10-20T09:14:02.6179310Z           |                      ^
2025-10-20T09:14:02.6179790Z     /opt/homebrew/Cellar/gcc@12/12.4.0/lib/gcc/12/gcc/aarch64-apple-darwin23/12/include-fixed/stdio.h:154:18: error: 'FILE' was not declared in this scope
2025-10-20T09:14:02.6180280Z       154 | int      fgetpos(FILE * __restrict, fpos_t *);
2025-10-20T09:14:02.6180480Z           |                  ^~~~
2025-10-20T09:14:02.6181030Z     /opt/homebrew/Cellar/gcc@12/12.4.0/lib/gcc/12/gcc/aarch64-apple-darwin23/12/include-fixed/stdio.h:154:18: note: 'FILE' is defined in header '<cstdio>'; did you forget to '#include <cstdio>'?
2025-10-20T09:14:02.6181840Z     /opt/homebrew/Cellar/gcc@12/12.4.0/lib/gcc/12/gcc/aarch64-apple-darwin23/12/include-fixed/stdio.h:154:35: error: expected primary-expression before ',' token
2025-10-20T09:14:02.6182560Z       154 | int      fgetpos(FILE * __restrict, fpos_t *);
2025-10-20T09:14:02.6182790Z           |                                   ^
2025-10-20T09:14:02.6183290Z     /opt/homebrew/Cellar/gcc@12/12.4.0/lib/gcc/12/gcc/aarch64-apple-darwin23/12/include-fixed/stdio.h:154:37: error: 'fpos_t' was not declared in this scope
2025-10-20T09:14:02.6183790Z       154 | int      fgetpos(FILE * __restrict, fpos_t *);
2025-10-20T09:14:02.6184000Z           |                                     ^~~~~~
2025-10-20T09:14:02.6184550Z     /opt/homebrew/Cellar/gcc@12/12.4.0/lib/gcc/12/gcc/aarch64-apple-darwin23/12/include-fixed/stdio.h:154:37: note: 'fpos_t' is defined in header '<cstdio>'; did you forget to '#include <cstdio>'?
2025-10-20T09:14:02.6185380Z     /opt/homebrew/Cellar/gcc@12/12.4.0/lib/gcc/12/gcc/aarch64-apple-darwin23/12/include-fixed/stdio.h:154:45: error: expected primary-expression before ')' token
2025-10-20T09:14:02.6185870Z       154 | int      fgetpos(FILE * __restrict, fpos_t *);
2025-10-20T09:14:02.6186360Z           |                                             ^
2025-10-20T09:14:02.6187010Z     /opt/homebrew/Cellar/gcc@12/12.4.0/lib/gcc/12/gcc/aarch64-apple-darwin23/12/include-fixed/stdio.h:154:45: error: expression list treated as compound expression in initializer [-fpermissive]
2025-10-20T09:14:02.6187920Z     /opt/homebrew/Cellar/gcc@12/12.4.0/lib/gcc/12/gcc/aarch64-apple-darwin23/12/include-fixed/stdio.h:155:40: error: 'FILE' has not been declared
2025-10-20T09:14:02.6188440Z       155 | char    *fgets(char * __restrict, int, FILE *);
2025-10-20T09:14:02.6188680Z           |                                        ^~~~
2025-10-20T09:14:02.6189140Z     /opt/homebrew/Cellar/gcc@12/12.4.0/lib/gcc/12/gcc/aarch64-apple-darwin23/12/include-fixed/stdio.h:159:1: error: 'FILE' does not name a type
2025-10-20T09:14:02.6189840Z       159 | FILE    *fopen(const char * __restrict __filename, const char * __restrict __mode) __DARWIN_ALIAS_STARTING(__MAC_10_6, __IPHONE_2_0, __DARWIN_ALIAS(fopen));
2025-10-20T09:14:02.6190260Z           | ^~~~
2025-10-20T09:14:02.6190790Z     /opt/homebrew/Cellar/gcc@12/12.4.0/lib/gcc/12/gcc/aarch64-apple-darwin23/12/include-fixed/stdio.h:159:1: note: 'FILE' is defined in header '<cstdio>'; did you forget to '#include <cstdio>'?
2025-10-20T09:14:02.6191650Z     /opt/homebrew/Cellar/gcc@12/12.4.0/lib/gcc/12/gcc/aarch64-apple-darwin23/12/include-fixed/stdio.h:161:18: error: 'FILE' was not declared in this scope
2025-10-20T09:14:02.6192250Z       161 | int      fprintf(FILE * __restrict, const char * __restrict, ...) __printflike(2, 3);
2025-10-20T09:14:02.6192640Z           |                  ^~~~
2025-10-20T09:14:02.6193220Z     /opt/homebrew/Cellar/gcc@12/12.4.0/lib/gcc/12/gcc/aarch64-apple-darwin23/12/include-fixed/stdio.h:161:18: note: 'FILE' is defined in header '<cstdio>'; did you forget to '#include <cstdio>'?
2025-10-20T09:14:02.6194140Z     /opt/homebrew/Cellar/gcc@12/12.4.0/lib/gcc/12/gcc/aarch64-apple-darwin23/12/include-fixed/stdio.h:161:35: error: expected primary-expression before ',' token
2025-10-20T09:14:02.6194740Z       161 | int      fprintf(FILE * __restrict, const char * __restrict, ...) __printflike(2, 3);
2025-10-20T09:14:02.6195060Z           |                                   ^
2025-10-20T09:14:02.6195560Z     /opt/homebrew/Cellar/gcc@12/12.4.0/lib/gcc/12/gcc/aarch64-apple-darwin23/12/include-fixed/stdio.h:161:37: error: expected primary-expression before 'const'
2025-10-20T09:14:02.6196160Z       161 | int      fprintf(FILE * __restrict, const char * __restrict, ...) __printflike(2, 3);
2025-10-20T09:14:02.6196460Z           |                                     ^~~~~
2025-10-20T09:14:02.6196960Z     /opt/homebrew/Cellar/gcc@12/12.4.0/lib/gcc/12/gcc/aarch64-apple-darwin23/12/include-fixed/stdio.h:161:62: error: expected primary-expression before '...' token
2025-10-20T09:14:02.6197560Z       161 | int      fprintf(FILE * __restrict, const char * __restrict, ...) __printflike(2, 3);
2025-10-20T09:14:02.6197870Z           |                                                              ^~~
2025-10-20T09:14:02.6198450Z     In file included from /Applications/Xcode_16.4.app/Contents/Developer/Platforms/MacOSX.platform/Developer/SDKs/MacOSX.sdk/usr/include/sys/_types/_seek_set.h:32,
2025-10-20T09:14:02.6199120Z                      from /opt/homebrew/Cellar/gcc@12/12.4.0/lib/gcc/12/gcc/aarch64-apple-darwin23/12/include-fixed/stdio.h:80:
2025-10-20T09:14:02.6199840Z     /opt/homebrew/Cellar/gcc@12/12.4.0/lib/gcc/12/gcc/aarch64-apple-darwin23/12/include-fixed/stdio.h:161:67: error: attributes after parenthesized initializer ignored [-fpermissive]
2025-10-20T09:14:02.6200470Z       161 | int      fprintf(FILE * __restrict, const char * __restrict, ...) __printflike(2, 3);
2025-10-20T09:14:02.6200760Z           |                                                                   ^~~~~~~~~~~~
2025-10-20T09:14:02.6201350Z     /opt/homebrew/Cellar/gcc@12/12.4.0/lib/gcc/12/gcc/aarch64-apple-darwin23/12/include-fixed/stdio.h:161:67: error: expression list treated as compound expression in initializer [-fpermissive]
2025-10-20T09:14:02.6202410Z     /opt/homebrew/Cellar/gcc@12/12.4.0/lib/gcc/12/gcc/aarch64-apple-darwin23/12/include-fixed/stdio.h:162:21: error: 'FILE' has not been declared
2025-10-20T09:14:02.6202950Z       162 | int      fputc(int, FILE *);
2025-10-20T09:14:02.6203160Z           |                     ^~~~
2025-10-20T09:14:02.6203610Z     /opt/homebrew/Cellar/gcc@12/12.4.0/lib/gcc/12/gcc/aarch64-apple-darwin23/12/include-fixed/stdio.h:163:41: error: 'FILE' has not been declared
2025-10-20T09:14:02.6204150Z       163 | int      fputs(const char * __restrict, FILE * __restrict) __DARWIN_ALIAS(fputs);
2025-10-20T09:14:02.6204480Z           |                                         ^~~~
2025-10-20T09:14:02.6204920Z     /opt/homebrew/Cellar/gcc@12/12.4.0/lib/gcc/12/gcc/aarch64-apple-darwin23/12/include-fixed/stdio.h:164:1: error: 'size_t' does not name a type
2025-10-20T09:14:02.6205510Z       164 | size_t   fread(void * __restrict __ptr, size_t __size, size_t __nitems, FILE * __restrict __stream);
2025-10-20T09:14:02.6205810Z           | ^~~~~~
2025-10-20T09:14:02.6206300Z     /opt/homebrew/Cellar/gcc@12/12.4.0/lib/gcc/12/gcc/aarch64-apple-darwin23/12/include-fixed/stdio.h:81:1: note: 'size_t' is defined in header '<cstddef>'; did you forget to '#include <cstddef>'?
2025-10-20T09:14:02.6206840Z        80 | #include <sys/_types/_seek_set.h>
2025-10-20T09:14:02.6207020Z       +++ |+#include <cstddef>
2025-10-20T09:14:02.6207160Z        81 | 
2025-10-20T09:14:02.6207560Z     /opt/homebrew/Cellar/gcc@12/12.4.0/lib/gcc/12/gcc/aarch64-apple-darwin23/12/include-fixed/stdio.h:165:1: error: 'FILE' does not name a type
2025-10-20T09:14:02.6208170Z       165 | FILE    *freopen(const char * __restrict, const char * __restrict,
2025-10-20T09:14:02.6208400Z           | ^~~~
2025-10-20T09:14:02.6208900Z     /opt/homebrew/Cellar/gcc@12/12.4.0/lib/gcc/12/gcc/aarch64-apple-darwin23/12/include-fixed/stdio.h:165:1: note: 'FILE' is defined in header '<cstdio>'; did you forget to '#include <cstdio>'?
2025-10-20T09:14:02.6209790Z     /opt/homebrew/Cellar/gcc@12/12.4.0/lib/gcc/12/gcc/aarch64-apple-darwin23/12/include-fixed/stdio.h:167:17: error: 'FILE' was not declared in this scope
2025-10-20T09:14:02.6210340Z       167 | int      fscanf(FILE * __restrict, const char * __restrict, ...) __scanflike(2, 3);
2025-10-20T09:14:02.6210650Z           |                 ^~~~
2025-10-20T09:14:02.6211190Z     /opt/homebrew/Cellar/gcc@12/12.4.0/lib/gcc/12/gcc/aarch64-apple-darwin23/12/include-fixed/stdio.h:167:17: note: 'FILE' is defined in header '<cstdio>'; did you forget to '#include <cstdio>'?
2025-10-20T09:14:02.6212140Z     /opt/homebrew/Cellar/gcc@12/12.4.0/lib/gcc/12/gcc/aarch64-apple-darwin23/12/include-fixed/stdio.h:167:34: error: expected primary-expression before ',' token
2025-10-20T09:14:02.6212760Z       167 | int      fscanf(FILE * __restrict, const char * __restrict, ...) __scanflike(2, 3);
2025-10-20T09:14:02.6213040Z           |                                  ^
2025-10-20T09:14:02.6213520Z     /opt/homebrew/Cellar/gcc@12/12.4.0/lib/gcc/12/gcc/aarch64-apple-darwin23/12/include-fixed/stdio.h:167:36: error: expected primary-expression before 'const'
2025-10-20T09:14:02.6214110Z       167 | int      fscanf(FILE * __restrict, const char * __restrict, ...) __scanflike(2, 3);
2025-10-20T09:14:02.6214380Z           |                                    ^~~~~
2025-10-20T09:14:02.6214910Z     /opt/homebrew/Cellar/gcc@12/12.4.0/lib/gcc/12/gcc/aarch64-apple-darwin23/12/include-fixed/stdio.h:167:61: error: expected primary-expression before '...' token
2025-10-20T09:14:02.6215490Z       167 | int      fscanf(FILE * __restrict, const char * __restrict, ...) __scanflike(2, 3);
2025-10-20T09:14:02.6215770Z           |                                                             ^~~
2025-10-20T09:14:02.6217120Z     /opt/homebrew/Cellar/gcc@12/12.4.0/lib/gcc/12/gcc/aarch64-apple-darwin23/12/include-fixed/stdio.h:167:66: error: attributes after parenthesized initializer ignored [-fpermissive]
2025-10-20T09:14:02.6218180Z       167 | int      fscanf(FILE * __restrict, const char * __restrict, ...) __scanflike(2, 3);
2025-10-20T09:14:02.6218510Z           |                                                                  ^~~~~~~~~~~
2025-10-20T09:14:02.6219090Z     /opt/homebrew/Cellar/gcc@12/12.4.0/lib/gcc/12/gcc/aarch64-apple-darwin23/12/include-fixed/stdio.h:167:66: error: expression list treated as compound expression in initializer [-fpermissive]
2025-10-20T09:14:02.6219980Z     /opt/homebrew/Cellar/gcc@12/12.4.0/lib/gcc/12/gcc/aarch64-apple-darwin23/12/include-fixed/stdio.h:168:16: error: 'FILE' was not declared in this scope
2025-10-20T09:14:02.6220460Z       168 | int      fseek(FILE *, long, int);
2025-10-20T09:14:02.6220640Z           |                ^~~~
2025-10-20T09:14:02.6221230Z     /opt/homebrew/Cellar/gcc@12/12.4.0/lib/gcc/12/gcc/aarch64-apple-darwin23/12/include-fixed/stdio.h:168:16: note: 'FILE' is defined in header '<cstdio>'; did you forget to '#include <cstdio>'?
2025-10-20T09:14:02.6222090Z     /opt/homebrew/Cellar/gcc@12/12.4.0/lib/gcc/12/gcc/aarch64-apple-darwin23/12/include-fixed/stdio.h:168:22: error: expected primary-expression before ',' token
2025-10-20T09:14:02.6222620Z       168 | int      fseek(FILE *, long, int);
2025-10-20T09:14:02.6222850Z           |                      ^
2025-10-20T09:14:02.6223320Z     /opt/homebrew/Cellar/gcc@12/12.4.0/lib/gcc/12/gcc/aarch64-apple-darwin23/12/include-fixed/stdio.h:168:24: error: expected primary-expression before 'long'
2025-10-20T09:14:02.6223800Z       168 | int      fseek(FILE *, long, int);
2025-10-20T09:14:02.6224060Z           |                        ^~~~
2025-10-20T09:14:02.6224540Z     /opt/homebrew/Cellar/gcc@12/12.4.0/lib/gcc/12/gcc/aarch64-apple-darwin23/12/include-fixed/stdio.h:168:30: error: expected primary-expression before 'int'
2025-10-20T09:14:02.6225010Z       168 | int      fseek(FILE *, long, int);
2025-10-20T09:14:02.6225260Z           |                              ^~~
2025-10-20T09:14:02.6225810Z     /opt/homebrew/Cellar/gcc@12/12.4.0/lib/gcc/12/gcc/aarch64-apple-darwin23/12/include-fixed/stdio.h:168:33: error: expression list treated as compound expression in initializer [-fpermissive]
2025-10-20T09:14:02.6226390Z       168 | int      fseek(FILE *, long, int);
2025-10-20T09:14:02.6226600Z           |                                 ^
2025-10-20T09:14:02.6227190Z     /opt/homebrew/Cellar/gcc@12/12.4.0/lib/gcc/12/gcc/aarch64-apple-darwin23/12/include-fixed/stdio.h:169:18: error: 'FILE' was not declared in this scope
2025-10-20T09:14:02.6227700Z       169 | int      fsetpos(FILE *, const fpos_t *);
2025-10-20T09:14:02.6227900Z           |                  ^~~~
2025-10-20T09:14:02.6228480Z     /opt/homebrew/Cellar/gcc@12/12.4.0/lib/gcc/12/gcc/aarch64-apple-darwin23/12/include-fixed/stdio.h:169:18: note: 'FILE' is defined in header '<cstdio>'; did you forget to '#include <cstdio>'?
2025-10-20T09:14:02.6229360Z     /opt/homebrew/Cellar/gcc@12/12.4.0/lib/gcc/12/gcc/aarch64-apple-darwin23/12/include-fixed/stdio.h:169:24: error: expected primary-expression before ',' token
2025-10-20T09:14:02.6229870Z       169 | int      fsetpos(FILE *, const fpos_t *);
2025-10-20T09:14:02.6230110Z           |                        ^
2025-10-20T09:14:02.6230670Z     /opt/homebrew/Cellar/gcc@12/12.4.0/lib/gcc/12/gcc/aarch64-apple-darwin23/12/include-fixed/stdio.h:169:26: error: expected primary-expression before 'const'
2025-10-20T09:14:02.6231200Z       169 | int      fsetpos(FILE *, const fpos_t *);
2025-10-20T09:14:02.6231440Z           |                          ^~~~~
2025-10-20T09:14:02.6232080Z     /opt/homebrew/Cellar/gcc@12/12.4.0/lib/gcc/12/gcc/aarch64-apple-darwin23/12/include-fixed/stdio.h:169:40: error: expression list treated as compound expression in initializer [-fpermissive]
2025-10-20T09:14:02.6232710Z       169 | int      fsetpos(FILE *, const fpos_t *);
2025-10-20T09:14:02.6232930Z           |                                        ^
2025-10-20T09:14:02.6233650Z     /opt/homebrew/Cellar/gcc@12/12.4.0/lib/gcc/12/gcc/aarch64-apple-darwin23/12/include-fixed/stdio.h:170:16: error: 'FILE' was not declared in this scope
2025-10-20T09:14:02.6234240Z       170 | long     ftell(FILE *);
2025-10-20T09:14:02.6234450Z           |                ^~~~
2025-10-20T09:14:02.6234980Z     /opt/homebrew/Cellar/gcc@12/12.4.0/lib/gcc/12/gcc/aarch64-apple-darwin23/12/include-fixed/stdio.h:170:16: note: 'FILE' is defined in header '<cstdio>'; did you forget to '#include <cstdio>'?
2025-10-20T09:14:02.6236000Z     /opt/homebrew/Cellar/gcc@12/12.4.0/lib/gcc/12/gcc/aarch64-apple-darwin23/12/include-fixed/stdio.h:170:22: error: expected primary-expression before ')' token
2025-10-20T09:14:02.6236530Z       170 | long     ftell(FILE *);
2025-10-20T09:14:02.6236740Z           |                      ^
2025-10-20T09:14:02.6237330Z     /opt/homebrew/Cellar/gcc@12/12.4.0/lib/gcc/12/gcc/aarch64-apple-darwin23/12/include-fixed/stdio.h:171:1: error: 'size_t' does not name a type
2025-10-20T09:14:02.6238040Z       171 | size_t   fwrite(const void * __restrict __ptr, size_t __size, size_t __nitems, FILE * __restrict __stream) __DARWIN_ALIAS(fwrite);
2025-10-20T09:14:02.6238460Z           | ^~~~~~
2025-10-20T09:14:02.6248410Z     /opt/homebrew/Cellar/gcc@12/12.4.0/lib/gcc/12/gcc/aarch64-apple-darwin23/12/include-fixed/stdio.h:171:1: note: 'size_t' is defined in header '<cstddef>'; did you forget to '#include <cstddef>'?
2025-10-20T09:14:02.6249310Z     /opt/homebrew/Cellar/gcc@12/12.4.0/lib/gcc/12/gcc/aarch64-apple-darwin23/12/include-fixed/stdio.h:172:15: error: 'FILE' was not declared in this scope
2025-10-20T09:14:02.6249980Z       172 | int      getc(FILE *);
2025-10-20T09:14:02.6250150Z           |               ^~~~
2025-10-20T09:14:02.6250660Z     /opt/homebrew/Cellar/gcc@12/12.4.0/lib/gcc/12/gcc/aarch64-apple-darwin23/12/include-fixed/stdio.h:172:15: note: 'FILE' is defined in header '<cstdio>'; did you forget to '#include <cstdio>'?
2025-10-20T09:14:02.6251480Z     /opt/homebrew/Cellar/gcc@12/12.4.0/lib/gcc/12/gcc/aarch64-apple-darwin23/12/include-fixed/stdio.h:172:21: error: expected primary-expression before ')' token
2025-10-20T09:14:02.6251950Z       172 | int      getc(FILE *);
2025-10-20T09:14:02.6252100Z           |                     ^
2025-10-20T09:14:02.6252550Z     /opt/homebrew/Cellar/gcc@12/12.4.0/lib/gcc/12/gcc/aarch64-apple-darwin23/12/include-fixed/stdio.h:184:20: error: 'FILE' has not been declared
2025-10-20T09:14:02.6253000Z       184 | int      putc(int, FILE *);
2025-10-20T09:14:02.6253160Z           |                    ^~~~
2025-10-20T09:14:02.6253620Z     /opt/homebrew/Cellar/gcc@12/12.4.0/lib/gcc/12/gcc/aarch64-apple-darwin23/12/include-fixed/stdio.h:189:10: error: variable or field 'rewind' declared void
2025-10-20T09:14:02.6254080Z       189 | void     rewind(FILE *);
2025-10-20T09:14:02.6254310Z           |          ^~~~~~
2025-10-20T09:14:02.6254760Z     /opt/homebrew/Cellar/gcc@12/12.4.0/lib/gcc/12/gcc/aarch64-apple-darwin23/12/include-fixed/stdio.h:189:17: error: 'FILE' was not declared in this scope
2025-10-20T09:14:02.6255230Z       189 | void     rewind(FILE *);
2025-10-20T09:14:02.6255390Z           |                 ^~~~
2025-10-20T09:14:02.6255950Z     /opt/homebrew/Cellar/gcc@12/12.4.0/lib/gcc/12/gcc/aarch64-apple-darwin23/12/include-fixed/stdio.h:189:17: note: 'FILE' is defined in header '<cstdio>'; did you forget to '#include <cstdio>'?
2025-10-20T09:14:02.6256930Z     /opt/homebrew/Cellar/gcc@12/12.4.0/lib/gcc/12/gcc/aarch64-apple-darwin23/12/include-fixed/stdio.h:189:23: error: expected primary-expression before ')' token
2025-10-20T09:14:02.6257420Z       189 | void     rewind(FILE *);
2025-10-20T09:14:02.6257580Z           |                       ^
2025-10-20T09:14:02.6258090Z     /opt/homebrew/Cellar/gcc@12/12.4.0/lib/gcc/12/gcc/aarch64-apple-darwin23/12/include-fixed/stdio.h:191:10: error: variable or field 'setbuf' declared void
2025-10-20T09:14:02.6258580Z       191 | void     setbuf(FILE * __restrict, char * __restrict);
2025-10-20T09:14:02.6258790Z           |          ^~~~~~
2025-10-20T09:14:02.6259510Z     /opt/homebrew/Cellar/gcc@12/12.4.0/lib/gcc/12/gcc/aarch64-apple-darwin23/12/include-fixed/stdio.h:191:17: error: 'FILE' was not declared in this scope
2025-10-20T09:14:02.6260020Z       191 | void     setbuf(FILE * __restrict, char * __restrict);
2025-10-20T09:14:02.6260230Z           |                 ^~~~
2025-10-20T09:14:02.6260750Z     /opt/homebrew/Cellar/gcc@12/12.4.0/lib/gcc/12/gcc/aarch64-apple-darwin23/12/include-fixed/stdio.h:191:17: note: 'FILE' is defined in header '<cstdio>'; did you forget to '#include <cstdio>'?
2025-10-20T09:14:02.6261600Z     /opt/homebrew/Cellar/gcc@12/12.4.0/lib/gcc/12/gcc/aarch64-apple-darwin23/12/include-fixed/stdio.h:191:34: error: expected primary-expression before ',' token
2025-10-20T09:14:02.6262150Z       191 | void     setbuf(FILE * __restrict, char * __restrict);
2025-10-20T09:14:02.6262390Z           |                                  ^
2025-10-20T09:14:02.6262890Z     /opt/homebrew/Cellar/gcc@12/12.4.0/lib/gcc/12/gcc/aarch64-apple-darwin23/12/include-fixed/stdio.h:191:36: error: expected primary-expression before 'char'
2025-10-20T09:14:02.6263390Z       191 | void     setbuf(FILE * __restrict, char * __restrict);
2025-10-20T09:14:02.6263670Z           |                                    ^~~~
2025-10-20T09:14:02.6264140Z     /opt/homebrew/Cellar/gcc@12/12.4.0/lib/gcc/12/gcc/aarch64-apple-darwin23/12/include-fixed/stdio.h:192:18: error: 'FILE' was not declared in this scope
2025-10-20T09:14:02.6264660Z       192 | int      setvbuf(FILE * __restrict, char * __restrict, int, size_t);
2025-10-20T09:14:02.6265000Z           |                  ^~~~
2025-10-20T09:14:02.6265550Z     /opt/homebrew/Cellar/gcc@12/12.4.0/lib/gcc/12/gcc/aarch64-apple-darwin23/12/include-fixed/stdio.h:192:18: note: 'FILE' is defined in header '<cstdio>'; did you forget to '#include <cstdio>'?
2025-10-20T09:14:02.6266380Z     /opt/homebrew/Cellar/gcc@12/12.4.0/lib/gcc/12/gcc/aarch64-apple-darwin23/12/include-fixed/stdio.h:192:35: error: expected primary-expression before ',' token
2025-10-20T09:14:02.6267100Z       192 | int      setvbuf(FILE * __restrict, char * __restrict, int, size_t);
2025-10-20T09:14:02.6267350Z           |                                   ^
2025-10-20T09:14:02.6267840Z     /opt/homebrew/Cellar/gcc@12/12.4.0/lib/gcc/12/gcc/aarch64-apple-darwin23/12/include-fixed/stdio.h:192:37: error: expected primary-expression before 'char'
2025-10-20T09:14:02.6268380Z       192 | int      setvbuf(FILE * __restrict, char * __restrict, int, size_t);
2025-10-20T09:14:02.6268620Z           |                                     ^~~~
2025-10-20T09:14:02.6269090Z     /opt/homebrew/Cellar/gcc@12/12.4.0/lib/gcc/12/gcc/aarch64-apple-darwin23/12/include-fixed/stdio.h:192:56: error: expected primary-expression before 'int'
2025-10-20T09:14:02.6269620Z       192 | int      setvbuf(FILE * __restrict, char * __restrict, int, size_t);
2025-10-20T09:14:02.6269860Z           |                                                        ^~~
2025-10-20T09:14:02.6274660Z     /opt/homebrew/Cellar/gcc@12/12.4.0/lib/gcc/12/gcc/aarch64-apple-darwin23/12/include-fixed/stdio.h:192:61: error: 'size_t' was not declared in this scope; did you mean 'std::size_t'?
2025-10-20T09:14:02.6275250Z       192 | int      setvbuf(FILE * __restrict, char * __restrict, int, size_t);
2025-10-20T09:14:02.6275580Z           |                                                             ^~~~~~
2025-10-20T09:14:02.6275830Z           |                                                             std::size_t
2025-10-20T09:14:02.6276120Z     In file included from /opt/homebrew/Cellar/gcc@12/12.4.0/include/c++/12/cstdio:41:
2025-10-20T09:14:02.6276640Z     /opt/homebrew/Cellar/gcc@12/12.4.0/include/c++/12/aarch64-apple-darwin23/bits/c++config.h:298:33: note: 'std::size_t' declared here
2025-10-20T09:14:02.6277050Z       298 |   typedef __SIZE_TYPE__         size_t;
2025-10-20T09:14:02.6277250Z           |                                 ^~~~~~
2025-10-20T09:14:02.6278180Z     /opt/homebrew/Cellar/gcc@12/12.4.0/lib/gcc/12/gcc/aarch64-apple-darwin23/12/include-fixed/stdio.h:192:67: error: expression list treated as compound expression in initializer [-fpermissive]
2025-10-20T09:14:02.6278810Z       192 | int      setvbuf(FILE * __restrict, char * __restrict, int, size_t);
2025-10-20T09:14:02.6279060Z           |                                                                   ^
2025-10-20T09:14:02.6279520Z     /opt/homebrew/Cellar/gcc@12/12.4.0/lib/gcc/12/gcc/aarch64-apple-darwin23/12/include-fixed/stdio.h:203:1: error: 'FILE' does not name a type
2025-10-20T09:14:02.6279950Z       203 | FILE    *tmpfile(void);
2025-10-20T09:14:02.6280100Z           | ^~~~
2025-10-20T09:14:02.6280590Z     /opt/homebrew/Cellar/gcc@12/12.4.0/lib/gcc/12/gcc/aarch64-apple-darwin23/12/include-fixed/stdio.h:203:1: note: 'FILE' is defined in header '<cstdio>'; did you forget to '#include <cstdio>'?
2025-10-20T09:14:02.6281370Z     /opt/homebrew/Cellar/gcc@12/12.4.0/lib/gcc/12/gcc/aarch64-apple-darwin23/12/include-fixed/stdio.h:213:22: error: 'FILE' has not been declared
2025-10-20T09:14:02.6281810Z       213 | int      ungetc(int, FILE *);
2025-10-20T09:14:02.6282030Z           |                      ^~~~
2025-10-20T09:14:02.6282540Z     /opt/homebrew/Cellar/gcc@12/12.4.0/lib/gcc/12/gcc/aarch64-apple-darwin23/12/include-fixed/stdio.h:214:19: error: 'FILE' was not declared in this scope
2025-10-20T09:14:02.6283190Z       214 | int      vfprintf(FILE * __restrict, const char * __restrict, __gnuc_va_list) __printflike(2, 0);
2025-10-20T09:14:02.6283480Z           |                   ^~~~
2025-10-20T09:14:02.6284000Z     /opt/homebrew/Cellar/gcc@12/12.4.0/lib/gcc/12/gcc/aarch64-apple-darwin23/12/include-fixed/stdio.h:214:19: note: 'FILE' is defined in header '<cstdio>'; did you forget to '#include <cstdio>'?
2025-10-20T09:14:02.6285220Z     /opt/homebrew/Cellar/gcc@12/12.4.0/lib/gcc/12/gcc/aarch64-apple-darwin23/12/include-fixed/stdio.h:214:36: error: expected primary-expression before ',' token
2025-10-20T09:14:02.6285840Z       214 | int      vfprintf(FILE * __restrict, const char * __restrict, __gnuc_va_list) __printflike(2, 0);
2025-10-20T09:14:02.6286150Z           |                                    ^
2025-10-20T09:14:02.6286620Z     /opt/homebrew/Cellar/gcc@12/12.4.0/lib/gcc/12/gcc/aarch64-apple-darwin23/12/include-fixed/stdio.h:214:38: error: expected primary-expression before 'const'
2025-10-20T09:14:02.6287200Z       214 | int      vfprintf(FILE * __restrict, const char * __restrict, __gnuc_va_list) __printflike(2, 0);
2025-10-20T09:14:02.6287500Z           |                                      ^~~~~
2025-10-20T09:14:02.6287980Z     /opt/homebrew/Cellar/gcc@12/12.4.0/lib/gcc/12/gcc/aarch64-apple-darwin23/12/include-fixed/stdio.h:214:77: error: expected primary-expression before ')' token
2025-10-20T09:14:02.6288570Z       214 | int      vfprintf(FILE * __restrict, const char * __restrict, __gnuc_va_list) __printflike(2, 0);
2025-10-20T09:14:02.6288890Z           |                                                                             ^
2025-10-20T09:14:02.6289450Z     /opt/homebrew/Cellar/gcc@12/12.4.0/lib/gcc/12/gcc/aarch64-apple-darwin23/12/include-fixed/stdio.h:214:79: error: attributes after parenthesized initializer ignored [-fpermissive]
2025-10-20T09:14:02.6290100Z       214 | int      vfprintf(FILE * __restrict, const char * __restrict, __gnuc_va_list) __printflike(2, 0);
2025-10-20T09:14:02.6290420Z           |                                                                               ^~~~~~~~~~~~
2025-10-20T09:14:02.6290990Z     /opt/homebrew/Cellar/gcc@12/12.4.0/lib/gcc/12/gcc/aarch64-apple-darwin23/12/include-fixed/stdio.h:214:79: error: expression list treated as compound expression in initializer [-fpermissive]
2025-10-20T09:14:02.6291800Z     /opt/homebrew/Cellar/gcc@12/12.4.0/lib/gcc/12/gcc/aarch64-apple-darwin23/12/include-fixed/stdio.h:242:1: error: 'FILE' does not name a type
2025-10-20T09:14:02.6292380Z       242 | FILE    *fdopen(int, const char *) __DARWIN_ALIAS_STARTING(__MAC_10_6, __IPHONE_2_0, __DARWIN_ALIAS(fdopen));
2025-10-20T09:14:02.6292720Z           | ^~~~
2025-10-20T09:14:02.6293520Z     /opt/homebrew/Cellar/gcc@12/12.4.0/lib/gcc/12/gcc/aarch64-apple-darwin23/12/include-fixed/stdio.h:242:1: note: 'FILE' is defined in header '<cstdio>'; did you forget to '#include <cstdio>'?
2025-10-20T09:14:02.6294340Z     /opt/homebrew/Cellar/gcc@12/12.4.0/lib/gcc/12/gcc/aarch64-apple-darwin23/12/include-fixed/stdio.h:244:17: error: 'FILE' was not declared in this scope
2025-10-20T09:14:02.6294790Z       244 | int      fileno(FILE *);
2025-10-20T09:14:02.6294950Z           |                 ^~~~
2025-10-20T09:14:02.6295460Z     /opt/homebrew/Cellar/gcc@12/12.4.0/lib/gcc/12/gcc/aarch64-apple-darwin23/12/include-fixed/stdio.h:244:17: note: 'FILE' is defined in header '<cstdio>'; did you forget to '#include <cstdio>'?
2025-10-20T09:14:02.6296280Z     /opt/homebrew/Cellar/gcc@12/12.4.0/lib/gcc/12/gcc/aarch64-apple-darwin23/12/include-fixed/stdio.h:244:23: error: expected primary-expression before ')' token
2025-10-20T09:14:02.6296910Z       244 | int      fileno(FILE *);
2025-10-20T09:14:02.6297070Z           |                       ^
2025-10-20T09:14:02.6297520Z     /opt/homebrew/Cellar/gcc@12/12.4.0/lib/gcc/12/gcc/aarch64-apple-darwin23/12/include-fixed/stdio.h:255:17: error: 'FILE' was not declared in this scope
2025-10-20T09:14:02.6298170Z       255 | int      pclose(FILE *) __swift_unavailable("Use posix_spawn APIs or NSTask instead. (On iOS, process spawning is unavailable.)");
2025-10-20T09:14:02.6298540Z           |                 ^~~~
2025-10-20T09:14:02.6299050Z     /opt/homebrew/Cellar/gcc@12/12.4.0/lib/gcc/12/gcc/aarch64-apple-darwin23/12/include-fixed/stdio.h:255:17: note: 'FILE' is defined in header '<cstdio>'; did you forget to '#include <cstdio>'?
2025-10-20T09:14:02.6299970Z     /opt/homebrew/Cellar/gcc@12/12.4.0/lib/gcc/12/gcc/aarch64-apple-darwin23/12/include-fixed/stdio.h:255:23: error: expected primary-expression before ')' token
2025-10-20T09:14:02.6300640Z       255 | int      pclose(FILE *) __swift_unavailable("Use posix_spawn APIs or NSTask instead. (On iOS, process spawning is unavailable.)");
2025-10-20T09:14:02.6301010Z           |                       ^
2025-10-20T09:14:02.6301420Z     /opt/homebrew/Cellar/gcc@12/12.4.0/lib/gcc/12/gcc/aarch64-apple-darwin23/12/include-fixed/stdio.h:259:1: error: 'FILE' does not name a type
2025-10-20T09:14:02.6302240Z       259 | FILE    *popen(const char *, const char *) __DARWIN_ALIAS_STARTING(__MAC_10_6, __IPHONE_2_0, __DARWIN_ALIAS(popen)) __swift_unavailable("Use posix_spawn APIs or NSTask instead. (On iOS, process spawning is unavailable.)");
2025-10-20T09:14:02.6302820Z           | ^~~~
2025-10-20T09:14:02.6303300Z     /opt/homebrew/Cellar/gcc@12/12.4.0/lib/gcc/12/gcc/aarch64-apple-darwin23/12/include-fixed/stdio.h:259:1: note: 'FILE' is defined in header '<cstdio>'; did you forget to '#include <cstdio>'?
2025-10-20T09:14:02.6304100Z     /opt/homebrew/Cellar/gcc@12/12.4.0/lib/gcc/12/gcc/aarch64-apple-darwin23/12/include-fixed/stdio.h:274:17: error: 'FILE' was not declared in this scope
2025-10-20T09:14:02.6304550Z       274 | int     __srget(FILE *);
2025-10-20T09:14:02.6304710Z           |                 ^~~~
2025-10-20T09:14:02.6305210Z     /opt/homebrew/Cellar/gcc@12/12.4.0/lib/gcc/12/gcc/aarch64-apple-darwin23/12/include-fixed/stdio.h:274:17: note: 'FILE' is defined in header '<cstdio>'; did you forget to '#include <cstdio>'?
2025-10-20T09:14:02.6306030Z     /opt/homebrew/Cellar/gcc@12/12.4.0/lib/gcc/12/gcc/aarch64-apple-darwin23/12/include-fixed/stdio.h:274:23: error: expected primary-expression before ')' token
2025-10-20T09:14:02.6306490Z       274 | int     __srget(FILE *);
2025-10-20T09:14:02.6306650Z           |                       ^
2025-10-20T09:14:02.6307080Z     /opt/homebrew/Cellar/gcc@12/12.4.0/lib/gcc/12/gcc/aarch64-apple-darwin23/12/include-fixed/stdio.h:275:20: error: 'FILE' was not declared in this scope
2025-10-20T09:14:02.6307600Z       275 | int     __svfscanf(FILE *, const char *, __gnuc_va_list) __scanflike(2, 0);
2025-10-20T09:14:02.6307850Z           |                    ^~~~
2025-10-20T09:14:02.6308500Z     /opt/homebrew/Cellar/gcc@12/12.4.0/lib/gcc/12/gcc/aarch64-apple-darwin23/12/include-fixed/stdio.h:275:20: note: 'FILE' is defined in header '<cstdio>'; did you forget to '#include <cstdio>'?
2025-10-20T09:14:02.6309330Z     /opt/homebrew/Cellar/gcc@12/12.4.0/lib/gcc/12/gcc/aarch64-apple-darwin23/12/include-fixed/stdio.h:275:26: error: expected primary-expression before ',' token
2025-10-20T09:14:02.6309920Z       275 | int     __svfscanf(FILE *, const char *, __gnuc_va_list) __scanflike(2, 0);
2025-10-20T09:14:02.6310190Z           |                          ^
2025-10-20T09:14:02.6310660Z     /opt/homebrew/Cellar/gcc@12/12.4.0/lib/gcc/12/gcc/aarch64-apple-darwin23/12/include-fixed/stdio.h:275:28: error: expected primary-expression before 'const'
2025-10-20T09:14:02.6311200Z       275 | int     __svfscanf(FILE *, const char *, __gnuc_va_list) __scanflike(2, 0);
2025-10-20T09:14:02.6311450Z           |                            ^~~~~
2025-10-20T09:14:02.6311920Z     /opt/homebrew/Cellar/gcc@12/12.4.0/lib/gcc/12/gcc/aarch64-apple-darwin23/12/include-fixed/stdio.h:275:56: error: expected primary-expression before ')' token
2025-10-20T09:14:02.6312460Z       275 | int     __svfscanf(FILE *, const char *, __gnuc_va_list) __scanflike(2, 0);
2025-10-20T09:14:02.6312750Z           |                                                        ^
2025-10-20T09:14:02.6313290Z     /opt/homebrew/Cellar/gcc@12/12.4.0/lib/gcc/12/gcc/aarch64-apple-darwin23/12/include-fixed/stdio.h:275:58: error: attributes after parenthesized initializer ignored [-fpermissive]
2025-10-20T09:14:02.6314050Z       275 | int     __svfscanf(FILE *, const char *, __gnuc_va_list) __scanflike(2, 0);
2025-10-20T09:14:02.6314320Z           |                                                          ^~~~~~~~~~~
2025-10-20T09:14:02.6315180Z     /opt/homebrew/Cellar/gcc@12/12.4.0/lib/gcc/12/gcc/aarch64-apple-darwin23/12/include-fixed/stdio.h:275:58: error: expression list treated as compound expression in initializer [-fpermissive]
2025-10-20T09:14:02.6316030Z     /opt/homebrew/Cellar/gcc@12/12.4.0/lib/gcc/12/gcc/aarch64-apple-darwin23/12/include-fixed/stdio.h:276:22: error: 'FILE' has not been declared
2025-10-20T09:14:02.6316470Z       276 | int     __swbuf(int, FILE *);
2025-10-20T09:14:02.6316650Z           |                      ^~~~
2025-10-20T09:14:02.6317070Z     /opt/homebrew/Cellar/gcc@12/12.4.0/lib/gcc/12/gcc/aarch64-apple-darwin23/12/include-fixed/stdio.h:285:44: error: 'FILE' has not been declared
2025-10-20T09:14:02.6317540Z       285 | __header_always_inline int __sputc(int _c, FILE *_p) {
2025-10-20T09:14:02.6317780Z           |                                            ^~~~
2025-10-20T09:14:02.6318240Z     /opt/homebrew/Cellar/gcc@12/12.4.0/lib/gcc/12/gcc/aarch64-apple-darwin23/12/include-fixed/stdio.h: In function 'int __sputc(int, int*)':
2025-10-20T09:14:02.6319010Z     /opt/homebrew/Cellar/gcc@12/12.4.0/lib/gcc/12/gcc/aarch64-apple-darwin23/12/include-fixed/stdio.h:286:19: error: request for member '_w' in '* _p', which is of non-class type 'int'
2025-10-20T09:14:02.6319580Z       286 |         if (--_p->_w >= 0 || (_p->_w >= _p->_lbfsize && (char)_c != '\n'))
2025-10-20T09:14:02.6319810Z           |                   ^~
2025-10-20T09:14:02.6320300Z     /opt/homebrew/Cellar/gcc@12/12.4.0/lib/gcc/12/gcc/aarch64-apple-darwin23/12/include-fixed/stdio.h:286:35: error: request for member '_w' in '* _p', which is of non-class type 'int'
2025-10-20T09:14:02.6320860Z       286 |         if (--_p->_w >= 0 || (_p->_w >= _p->_lbfsize && (char)_c != '\n'))
2025-10-20T09:14:02.6321090Z           |                                   ^~
2025-10-20T09:14:02.6321620Z     /opt/homebrew/Cellar/gcc@12/12.4.0/lib/gcc/12/gcc/aarch64-apple-darwin23/12/include-fixed/stdio.h:286:45: error: request for member '_lbfsize' in '* _p', which is of non-class type 'int'
2025-10-20T09:14:02.6322190Z       286 |         if (--_p->_w >= 0 || (_p->_w >= _p->_lbfsize && (char)_c != '\n'))
2025-10-20T09:14:02.6322410Z           |                                             ^~~~~~~~
2025-10-20T09:14:02.6323190Z     /opt/homebrew/Cellar/gcc@12/12.4.0/lib/gcc/12/gcc/aarch64-apple-darwin23/12/include-fixed/stdio.h:287:30: error: request for member '_p' in '* _p', which is of non-class type 'int'
2025-10-20T09:14:02.6323740Z       287 |                 return (*_p->_p++ = _c);
2025-10-20T09:14:02.6323930Z           |                              ^~
2025-10-20T09:14:02.6324290Z     /opt/homebrew/Cellar/gcc@12/12.4.0/lib/gcc/12/gcc/aarch64-apple-darwin23/12/include-fixed/stdio.h: At global scope:
2025-10-20T09:14:02.6324940Z     /opt/homebrew/Cellar/gcc@12/12.4.0/lib/gcc/12/gcc/aarch64-apple-darwin23/12/include-fixed/stdio.h:311:10: error: variable or field 'flockfile' declared void
2025-10-20T09:14:02.6325410Z       311 | void     flockfile(FILE *);
2025-10-20T09:14:02.6325570Z           |          ^~~~~~~~~
2025-10-20T09:14:02.6326000Z     /opt/homebrew/Cellar/gcc@12/12.4.0/lib/gcc/12/gcc/aarch64-apple-darwin23/12/include-fixed/stdio.h:311:20: error: 'FILE' was not declared in this scope
2025-10-20T09:14:02.6326450Z       311 | void     flockfile(FILE *);
2025-10-20T09:14:02.6326620Z           |                    ^~~~
2025-10-20T09:14:02.6327130Z     /opt/homebrew/Cellar/gcc@12/12.4.0/lib/gcc/12/gcc/aarch64-apple-darwin23/12/include-fixed/stdio.h:311:20: note: 'FILE' is defined in header '<cstdio>'; did you forget to '#include <cstdio>'?
2025-10-20T09:14:02.6327950Z     /opt/homebrew/Cellar/gcc@12/12.4.0/lib/gcc/12/gcc/aarch64-apple-darwin23/12/include-fixed/stdio.h:311:26: error: expected primary-expression before ')' token
2025-10-20T09:14:02.6328510Z       311 | void     flockfile(FILE *);
2025-10-20T09:14:02.6328680Z           |                          ^
2025-10-20T09:14:02.6329110Z     /opt/homebrew/Cellar/gcc@12/12.4.0/lib/gcc/12/gcc/aarch64-apple-darwin23/12/include-fixed/stdio.h:312:23: error: 'FILE' was not declared in this scope
2025-10-20T09:14:02.6329570Z       312 | int      ftrylockfile(FILE *);
2025-10-20T09:14:02.6329740Z           |                       ^~~~
2025-10-20T09:14:02.6330250Z     /opt/homebrew/Cellar/gcc@12/12.4.0/lib/gcc/12/gcc/aarch64-apple-darwin23/12/include-fixed/stdio.h:312:23: note: 'FILE' is defined in header '<cstdio>'; did you forget to '#include <cstdio>'?
2025-10-20T09:14:02.6331070Z     /opt/homebrew/Cellar/gcc@12/12.4.0/lib/gcc/12/gcc/aarch64-apple-darwin23/12/include-fixed/stdio.h:312:29: error: expected primary-expression before ')' token
2025-10-20T09:14:02.6331540Z       312 | int      ftrylockfile(FILE *);
2025-10-20T09:14:02.6331720Z           |                             ^
2025-10-20T09:14:02.6332180Z     /opt/homebrew/Cellar/gcc@12/12.4.0/lib/gcc/12/gcc/aarch64-apple-darwin23/12/include-fixed/stdio.h:313:10: error: variable or field 'funlockfile' declared void
2025-10-20T09:14:02.6332650Z       313 | void     funlockfile(FILE *);
2025-10-20T09:14:02.6332820Z           |          ^~~~~~~~~~~
2025-10-20T09:14:02.6333250Z     /opt/homebrew/Cellar/gcc@12/12.4.0/lib/gcc/12/gcc/aarch64-apple-darwin23/12/include-fixed/stdio.h:313:22: error: 'FILE' was not declared in this scope
2025-10-20T09:14:02.6333710Z       313 | void     funlockfile(FILE *);
2025-10-20T09:14:02.6333880Z           |                      ^~~~
2025-10-20T09:14:02.6334400Z     /opt/homebrew/Cellar/gcc@12/12.4.0/lib/gcc/12/gcc/aarch64-apple-darwin23/12/include-fixed/stdio.h:313:22: note: 'FILE' is defined in header '<cstdio>'; did you forget to '#include <cstdio>'?
2025-10-20T09:14:02.6335210Z     /opt/homebrew/Cellar/gcc@12/12.4.0/lib/gcc/12/gcc/aarch64-apple-darwin23/12/include-fixed/stdio.h:313:28: error: expected primary-expression before ')' token
2025-10-20T09:14:02.6335680Z       313 | void     funlockfile(FILE *);
2025-10-20T09:14:02.6335850Z           |                            ^
2025-10-20T09:14:02.6336300Z     /opt/homebrew/Cellar/gcc@12/12.4.0/lib/gcc/12/gcc/aarch64-apple-darwin23/12/include-fixed/stdio.h:314:24: error: 'FILE' was not declared in this scope
2025-10-20T09:14:02.6336750Z       314 | int      getc_unlocked(FILE *);
2025-10-20T09:14:02.6337030Z           |                        ^~~~
2025-10-20T09:14:02.6337790Z     /opt/homebrew/Cellar/gcc@12/12.4.0/lib/gcc/12/gcc/aarch64-apple-darwin23/12/include-fixed/stdio.h:314:24: note: 'FILE' is defined in header '<cstdio>'; did you forget to '#include <cstdio>'?
2025-10-20T09:14:02.6338630Z     /opt/homebrew/Cellar/gcc@12/12.4.0/lib/gcc/12/gcc/aarch64-apple-darwin23/12/include-fixed/stdio.h:314:30: error: expected primary-expression before ')' token
2025-10-20T09:14:02.6339100Z       314 | int      getc_unlocked(FILE *);
2025-10-20T09:14:02.6339280Z           |                              ^
2025-10-20T09:14:02.6339710Z     /opt/homebrew/Cellar/gcc@12/12.4.0/lib/gcc/12/gcc/aarch64-apple-darwin23/12/include-fixed/stdio.h:316:29: error: 'FILE' has not been declared
2025-10-20T09:14:02.6340150Z       316 | int      putc_unlocked(int, FILE *);
2025-10-20T09:14:02.6340330Z           |                             ^~~~
2025-10-20T09:14:02.6340780Z     /opt/homebrew/Cellar/gcc@12/12.4.0/lib/gcc/12/gcc/aarch64-apple-darwin23/12/include-fixed/stdio.h:321:15: error: 'FILE' was not declared in this scope
2025-10-20T09:14:02.6341230Z       321 | int      getw(FILE *);
2025-10-20T09:14:02.6341390Z           |               ^~~~
2025-10-20T09:14:02.6341890Z     /opt/homebrew/Cellar/gcc@12/12.4.0/lib/gcc/12/gcc/aarch64-apple-darwin23/12/include-fixed/stdio.h:321:15: note: 'FILE' is defined in header '<cstdio>'; did you forget to '#include <cstdio>'?
2025-10-20T09:14:02.6342710Z     /opt/homebrew/Cellar/gcc@12/12.4.0/lib/gcc/12/gcc/aarch64-apple-darwin23/12/include-fixed/stdio.h:321:21: error: expected primary-expression before ')' token
2025-10-20T09:14:02.6343280Z       321 | int      getw(FILE *);
2025-10-20T09:14:02.6343430Z           |                     ^
2025-10-20T09:14:02.6343840Z     /opt/homebrew/Cellar/gcc@12/12.4.0/lib/gcc/12/gcc/aarch64-apple-darwin23/12/include-fixed/stdio.h:322:20: error: 'FILE' has not been declared
2025-10-20T09:14:02.6344280Z       322 | int      putw(int, FILE *);
2025-10-20T09:14:02.6344440Z           |                    ^~~~
2025-10-20T09:14:02.6344880Z     /opt/homebrew/Cellar/gcc@12/12.4.0/lib/gcc/12/gcc/aarch64-apple-darwin23/12/include-fixed/stdio.h:354:17: error: 'FILE' was not declared in this scope
2025-10-20T09:14:02.6345390Z       354 | int      fseeko(FILE * __stream, off_t __offset, int __whence);
2025-10-20T09:14:02.6345620Z           |                 ^~~~
2025-10-20T09:14:02.6346120Z     /opt/homebrew/Cellar/gcc@12/12.4.0/lib/gcc/12/gcc/aarch64-apple-darwin23/12/include-fixed/stdio.h:354:17: note: 'FILE' is defined in header '<cstdio>'; did you forget to '#include <cstdio>'?
2025-10-20T09:14:02.6346940Z     /opt/homebrew/Cellar/gcc@12/12.4.0/lib/gcc/12/gcc/aarch64-apple-darwin23/12/include-fixed/stdio.h:354:24: error: '__stream' was not declared in this scope
2025-10-20T09:14:02.6347450Z       354 | int      fseeko(FILE * __stream, off_t __offset, int __whence);
2025-10-20T09:14:02.6347680Z           |                        ^~~~~~~~
2025-10-20T09:14:02.6348150Z     /opt/homebrew/Cellar/gcc@12/12.4.0/lib/gcc/12/gcc/aarch64-apple-darwin23/12/include-fixed/stdio.h:354:40: error: expected primary-expression before '__offset'
2025-10-20T09:14:02.6348680Z       354 | int      fseeko(FILE * __stream, off_t __offset, int __whence);
2025-10-20T09:14:02.6348910Z           |                                        ^~~~~~~~
2025-10-20T09:14:02.6349390Z     /opt/homebrew/Cellar/gcc@12/12.4.0/lib/gcc/12/gcc/aarch64-apple-darwin23/12/include-fixed/stdio.h:354:50: error: expected primary-expression before 'int'
2025-10-20T09:14:02.6349980Z       354 | int      fseeko(FILE * __stream, off_t __offset, int __whence);
2025-10-20T09:14:02.6350220Z           |                                                  ^~~
2025-10-20T09:14:02.6350780Z     /opt/homebrew/Cellar/gcc@12/12.4.0/lib/gcc/12/gcc/aarch64-apple-darwin23/12/include-fixed/stdio.h:354:62: error: expression list treated as compound expression in initializer [-fpermissive]
2025-10-20T09:14:02.6351380Z       354 | int      fseeko(FILE * __stream, off_t __offset, int __whence);
2025-10-20T09:14:02.6351900Z           |                                                              ^
2025-10-20T09:14:02.6352410Z     /opt/homebrew/Cellar/gcc@12/12.4.0/lib/gcc/12/gcc/aarch64-apple-darwin23/12/include-fixed/stdio.h:355:17: error: 'FILE' was not declared in this scope
2025-10-20T09:14:02.6352860Z       355 | off_t    ftello(FILE * __stream);
2025-10-20T09:14:02.6353040Z           |                 ^~~~
2025-10-20T09:14:02.6353550Z     /opt/homebrew/Cellar/gcc@12/12.4.0/lib/gcc/12/gcc/aarch64-apple-darwin23/12/include-fixed/stdio.h:355:17: note: 'FILE' is defined in header '<cstdio>'; did you forget to '#include <cstdio>'?
2025-10-20T09:14:02.6354360Z     /opt/homebrew/Cellar/gcc@12/12.4.0/lib/gcc/12/gcc/aarch64-apple-darwin23/12/include-fixed/stdio.h:355:24: error: '__stream' was not declared in this scope
2025-10-20T09:14:02.6354830Z       355 | off_t    ftello(FILE * __stream);
2025-10-20T09:14:02.6355000Z           |                        ^~~~~~~~
2025-10-20T09:14:02.6355440Z     /opt/homebrew/Cellar/gcc@12/12.4.0/lib/gcc/12/gcc/aarch64-apple-darwin23/12/include-fixed/stdio.h:361:44: error: 'size_t' has not been declared
2025-10-20T09:14:02.6356040Z       361 | int      snprintf(char * __restrict __str, size_t __size, const char * __restrict __format, ...) __printflike(3, 4);
2025-10-20T09:14:02.6356390Z           |                                            ^~~~~~
2025-10-20T09:14:02.6356860Z     /opt/homebrew/Cellar/gcc@12/12.4.0/lib/gcc/12/gcc/aarch64-apple-darwin23/12/include-fixed/stdio.h:362:18: error: 'FILE' was not declared in this scope
2025-10-20T09:14:02.6357530Z       362 | int      vfscanf(FILE * __restrict __stream, const char * __restrict __format, __gnuc_va_list) __scanflike(2, 0);
2025-10-20T09:14:02.6357850Z           |                  ^~~~
2025-10-20T09:14:02.6358360Z     /opt/homebrew/Cellar/gcc@12/12.4.0/lib/gcc/12/gcc/aarch64-apple-darwin23/12/include-fixed/stdio.h:362:18: note: 'FILE' is defined in header '<cstdio>'; did you forget to '#include <cstdio>'?
2025-10-20T09:14:02.6359170Z     /opt/homebrew/Cellar/gcc@12/12.4.0/lib/gcc/12/gcc/aarch64-apple-darwin23/12/include-fixed/stdio.h:362:36: error: '__stream' was not declared in this scope
2025-10-20T09:14:02.6359780Z       362 | int      vfscanf(FILE * __restrict __stream, const char * __restrict __format, __gnuc_va_list) __scanflike(2, 0);
2025-10-20T09:14:02.6360110Z           |                                    ^~~~~~~~
2025-10-20T09:14:02.6360580Z     /opt/homebrew/Cellar/gcc@12/12.4.0/lib/gcc/12/gcc/aarch64-apple-darwin23/12/include-fixed/stdio.h:362:46: error: expected primary-expression before 'const'
2025-10-20T09:14:02.6361200Z       362 | int      vfscanf(FILE * __restrict __stream, const char * __restrict __format, __gnuc_va_list) __scanflike(2, 0);
2025-10-20T09:14:02.6361540Z           |                                              ^~~~~
2025-10-20T09:14:02.6362020Z     /opt/homebrew/Cellar/gcc@12/12.4.0/lib/gcc/12/gcc/aarch64-apple-darwin23/12/include-fixed/stdio.h:362:94: error: expected primary-expression before ')' token
2025-10-20T09:14:02.6362640Z       362 | int      vfscanf(FILE * __restrict __stream, const char * __restrict __format, __gnuc_va_list) __scanflike(2, 0);
2025-10-20T09:14:02.6362980Z           |                                                                                              ^
2025-10-20T09:14:02.6363530Z     /opt/homebrew/Cellar/gcc@12/12.4.0/lib/gcc/12/gcc/aarch64-apple-darwin23/12/include-fixed/stdio.h:362:96: error: attributes after parenthesized initializer ignored [-fpermissive]
2025-10-20T09:14:02.6364210Z       362 | int      vfscanf(FILE * __restrict __stream, const char * __restrict __format, __gnuc_va_list) __scanflike(2, 0);
2025-10-20T09:14:02.6364560Z           |                                                                                                ^~~~~~~~~~~
2025-10-20T09:14:02.6365140Z     /opt/homebrew/Cellar/gcc@12/12.4.0/lib/gcc/12/gcc/aarch64-apple-darwin23/12/include-fixed/stdio.h:362:96: error: expression list treated as compound expression in initializer [-fpermissive]
2025-10-20T09:14:02.6366010Z     /opt/homebrew/Cellar/gcc@12/12.4.0/lib/gcc/12/gcc/aarch64-apple-darwin23/12/include-fixed/stdio.h:364:45: error: 'size_t' has not been declared
2025-10-20T09:14:02.6366640Z       364 | int      vsnprintf(char * __restrict __str, size_t __size, const char * __restrict __format, __gnuc_va_list) __printflike(3, 0);
2025-10-20T09:14:02.6367020Z           |                                             ^~~~~~
2025-10-20T09:14:02.6367530Z     /opt/homebrew/Cellar/gcc@12/12.4.0/lib/gcc/12/gcc/aarch64-apple-darwin23/12/include-fixed/stdio.h:379:71: error: expected initializer before '__OSX_AVAILABLE_STARTING'
2025-10-20T09:14:02.6368190Z       379 | int     dprintf(int, const char * __restrict, ...) __printflike(2, 3) __OSX_AVAILABLE_STARTING(__MAC_10_7, __IPHONE_4_3);
2025-10-20T09:14:02.6368550Z           |                                                                       ^~~~~~~~~~~~~~~~~~~~~~~~
2025-10-20T09:14:02.6369070Z     /opt/homebrew/Cellar/gcc@12/12.4.0/lib/gcc/12/gcc/aarch64-apple-darwin23/12/include-fixed/stdio.h:380:83: error: expected initializer before '__OSX_AVAILABLE_STARTING'
2025-10-20T09:14:02.6369750Z       380 | int     vdprintf(int, const char * __restrict, __gnuc_va_list) __printflike(2, 0) __OSX_AVAILABLE_STARTING(__MAC_10_7, __IPHONE_4_3);
2025-10-20T09:14:02.6370140Z           |                                                                                   ^~~~~~~~~~~~~~~~~~~~~~~~
2025-10-20T09:14:02.6370610Z     /opt/homebrew/Cellar/gcc@12/12.4.0/lib/gcc/12/gcc/aarch64-apple-darwin23/12/include-fixed/stdio.h:381:46: error: 'size_t' has not been declared
2025-10-20T09:14:02.6371430Z       381 | ssize_t getdelim(char ** __restrict __linep, size_t * __restrict __linecapp, int __delimiter, FILE * __restrict __stream) __OSX_AVAILABLE_STARTING(__MAC_10_7, __IPHONE_4_3);
2025-10-20T09:14:02.6371910Z           |                                              ^~~~~~
2025-10-20T09:14:02.6372460Z     /opt/homebrew/Cellar/gcc@12/12.4.0/lib/gcc/12/gcc/aarch64-apple-darwin23/12/include-fixed/stdio.h:381:95: error: 'FILE' has not been declared
2025-10-20T09:14:02.6373200Z       381 | ssize_t getdelim(char ** __restrict __linep, size_t * __restrict __linecapp, int __delimiter, FILE * __restrict __stream) __OSX_AVAILABLE_STARTING(__MAC_10_7, __IPHONE_4_3);
2025-10-20T09:14:02.6373680Z           |                                                                                               ^~~~
2025-10-20T09:14:02.6374200Z     /opt/homebrew/Cellar/gcc@12/12.4.0/lib/gcc/12/gcc/aarch64-apple-darwin23/12/include-fixed/stdio.h:381:123: error: expected initializer before '__OSX_AVAILABLE_STARTING'
2025-10-20T09:14:02.6374980Z       381 | ssize_t getdelim(char ** __restrict __linep, size_t * __restrict __linecapp, int __delimiter, FILE * __restrict __stream) __OSX_AVAILABLE_STARTING(__MAC_10_7, __IPHONE_4_3);
2025-10-20T09:14:02.6375480Z           |                                                                                                                           ^~~~~~~~~~~~~~~~~~~~~~~~
2025-10-20T09:14:02.6375960Z     /opt/homebrew/Cellar/gcc@12/12.4.0/lib/gcc/12/gcc/aarch64-apple-darwin23/12/include-fixed/stdio.h:382:45: error: 'size_t' has not been declared
2025-10-20T09:14:02.6376630Z       382 | ssize_t getline(char ** __restrict __linep, size_t * __restrict __linecapp, FILE * __restrict __stream) __OSX_AVAILABLE_STARTING(__MAC_10_7, __IPHONE_4_3);
2025-10-20T09:14:02.6377150Z           |                                             ^~~~~~
2025-10-20T09:14:02.6377600Z     /opt/homebrew/Cellar/gcc@12/12.4.0/lib/gcc/12/gcc/aarch64-apple-darwin23/12/include-fixed/stdio.h:382:77: error: 'FILE' has not been declared
2025-10-20T09:14:02.6378270Z       382 | ssize_t getline(char ** __restrict __linep, size_t * __restrict __linecapp, FILE * __restrict __stream) __OSX_AVAILABLE_STARTING(__MAC_10_7, __IPHONE_4_3);
2025-10-20T09:14:02.6378710Z           |                                                                             ^~~~
2025-10-20T09:14:02.6379430Z     /opt/homebrew/Cellar/gcc@12/12.4.0/lib/gcc/12/gcc/aarch64-apple-darwin23/12/include-fixed/stdio.h:382:105: error: expected initializer before '__OSX_AVAILABLE_STARTING'
2025-10-20T09:14:02.6380180Z       382 | ssize_t getline(char ** __restrict __linep, size_t * __restrict __linecapp, FILE * __restrict __stream) __OSX_AVAILABLE_STARTING(__MAC_10_7, __IPHONE_4_3);
2025-10-20T09:14:02.6380630Z           |                                                                                                         ^~~~~~~~~~~~~~~~~~~~~~~~
2025-10-20T09:14:02.6381100Z     /opt/homebrew/Cellar/gcc@12/12.4.0/lib/gcc/12/gcc/aarch64-apple-darwin23/12/include-fixed/stdio.h:383:1: error: 'FILE' does not name a type
2025-10-20T09:14:02.6381770Z       383 | FILE *fmemopen(void * __restrict __buf, size_t __size, const char * __restrict __mode) __API_AVAILABLE(macos(10.13), ios(11.0), tvos(11.0), watchos(4.0));
2025-10-20T09:14:02.6382160Z           | ^~~~
2025-10-20T09:14:02.6382650Z     /opt/homebrew/Cellar/gcc@12/12.4.0/lib/gcc/12/gcc/aarch64-apple-darwin23/12/include-fixed/stdio.h:383:1: note: 'FILE' is defined in header '<cstdio>'; did you forget to '#include <cstdio>'?
2025-10-20T09:14:02.6383430Z     /opt/homebrew/Cellar/gcc@12/12.4.0/lib/gcc/12/gcc/aarch64-apple-darwin23/12/include-fixed/stdio.h:384:1: error: 'FILE' does not name a type
2025-10-20T09:14:02.6384030Z       384 | FILE *open_memstream(char **__bufp, size_t *__sizep) __API_AVAILABLE(macos(10.13), ios(11.0), tvos(11.0), watchos(4.0));
2025-10-20T09:14:02.6384390Z           | ^~~~
2025-10-20T09:14:02.6385010Z     /opt/homebrew/Cellar/gcc@12/12.4.0/lib/gcc/12/gcc/aarch64-apple-darwin23/12/include-fixed/stdio.h:384:1: note: 'FILE' is defined in header '<cstdio>'; did you forget to '#include <cstdio>'?
2025-10-20T09:14:02.6386190Z     /opt/homebrew/Cellar/gcc@12/12.4.0/lib/gcc/12/gcc/aarch64-apple-darwin23/12/include-fixed/stdio.h:399:17: error: 'FILE' was not declared in this scope
2025-10-20T09:14:02.6386740Z       399 | char    *fgetln(FILE *, size_t *);
2025-10-20T09:14:02.6387010Z           |                 ^~~~
2025-10-20T09:14:02.6387560Z     /opt/homebrew/Cellar/gcc@12/12.4.0/lib/gcc/12/gcc/aarch64-apple-darwin23/12/include-fixed/stdio.h:399:17: note: 'FILE' is defined in header '<cstdio>'; did you forget to '#include <cstdio>'?
2025-10-20T09:14:02.6388410Z     /opt/homebrew/Cellar/gcc@12/12.4.0/lib/gcc/12/gcc/aarch64-apple-darwin23/12/include-fixed/stdio.h:399:23: error: expected primary-expression before ',' token
2025-10-20T09:14:02.6388900Z       399 | char    *fgetln(FILE *, size_t *);
2025-10-20T09:14:02.6389080Z           |                       ^
2025-10-20T09:14:02.6389730Z     /opt/homebrew/Cellar/gcc@12/12.4.0/lib/gcc/12/gcc/aarch64-apple-darwin23/12/include-fixed/stdio.h:399:25: error: 'size_t' was not declared in this scope; did you mean 'std::size_t'?
2025-10-20T09:14:02.6390260Z       399 | char    *fgetln(FILE *, size_t *);
2025-10-20T09:14:02.6390450Z           |                         ^~~~~~
2025-10-20T09:14:02.6390630Z           |                         std::size_t
2025-10-20T09:14:02.6391100Z     /opt/homebrew/Cellar/gcc@12/12.4.0/include/c++/12/aarch64-apple-darwin23/bits/c++config.h:298:33: note: 'std::size_t' declared here
2025-10-20T09:14:02.6391600Z       298 |   typedef __SIZE_TYPE__         size_t;
2025-10-20T09:14:02.6391810Z           |                                 ^~~~~~
2025-10-20T09:14:02.6392360Z     /opt/homebrew/Cellar/gcc@12/12.4.0/lib/gcc/12/gcc/aarch64-apple-darwin23/12/include-fixed/stdio.h:399:33: error: expected primary-expression before ')' token
2025-10-20T09:14:02.6392900Z       399 | char    *fgetln(FILE *, size_t *);
2025-10-20T09:14:02.6393100Z           |                                 ^
2025-10-20T09:14:02.6393670Z     /opt/homebrew/Cellar/gcc@12/12.4.0/lib/gcc/12/gcc/aarch64-apple-darwin23/12/include-fixed/stdio.h:399:33: error: expression list treated as compound expression in initializer [-fpermissive]
2025-10-20T09:14:02.6394820Z     /opt/homebrew/Cellar/gcc@12/12.4.0/lib/gcc/12/gcc/aarch64-apple-darwin23/12/include-fixed/stdio.h:401:17: error: 'FILE' was not declared in this scope
2025-10-20T09:14:02.6395390Z       401 | int      fpurge(FILE *);
2025-10-20T09:14:02.6395570Z           |                 ^~~~
2025-10-20T09:14:02.6403220Z     /opt/homebrew/Cellar/gcc@12/12.4.0/lib/gcc/12/gcc/aarch64-apple-darwin23/12/include-fixed/stdio.h:401:17: note: 'FILE' is defined in header '<cstdio>'; did you forget to '#include <cstdio>'?
2025-10-20T09:14:02.6404160Z     /opt/homebrew/Cellar/gcc@12/12.4.0/lib/gcc/12/gcc/aarch64-apple-darwin23/12/include-fixed/stdio.h:401:23: error: expected primary-expression before ')' token
2025-10-20T09:14:02.6404700Z       401 | int      fpurge(FILE *);
2025-10-20T09:14:02.6404860Z           |                       ^
2025-10-20T09:14:02.6405310Z     /opt/homebrew/Cellar/gcc@12/12.4.0/lib/gcc/12/gcc/aarch64-apple-darwin23/12/include-fixed/stdio.h:402:10: error: variable or field 'setbuffer' declared void
2025-10-20T09:14:02.6405800Z       402 | void     setbuffer(FILE *, char *, int);
2025-10-20T09:14:02.6405990Z           |          ^~~~~~~~~
2025-10-20T09:14:02.6406420Z     /opt/homebrew/Cellar/gcc@12/12.4.0/lib/gcc/12/gcc/aarch64-apple-darwin23/12/include-fixed/stdio.h:402:20: error: 'FILE' was not declared in this scope
2025-10-20T09:14:02.6406890Z       402 | void     setbuffer(FILE *, char *, int);
2025-10-20T09:14:02.6407080Z           |                    ^~~~
2025-10-20T09:14:02.6407600Z     /opt/homebrew/Cellar/gcc@12/12.4.0/lib/gcc/12/gcc/aarch64-apple-darwin23/12/include-fixed/stdio.h:402:20: note: 'FILE' is defined in header '<cstdio>'; did you forget to '#include <cstdio>'?
2025-10-20T09:14:02.6408670Z     /opt/homebrew/Cellar/gcc@12/12.4.0/lib/gcc/12/gcc/aarch64-apple-darwin23/12/include-fixed/stdio.h:402:26: error: expected primary-expression before ',' token
2025-10-20T09:14:02.6409150Z       402 | void     setbuffer(FILE *, char *, int);
2025-10-20T09:14:02.6409390Z           |                          ^
2025-10-20T09:14:02.6409850Z     /opt/homebrew/Cellar/gcc@12/12.4.0/lib/gcc/12/gcc/aarch64-apple-darwin23/12/include-fixed/stdio.h:402:28: error: expected primary-expression before 'char'
2025-10-20T09:14:02.6410410Z       402 | void     setbuffer(FILE *, char *, int);
2025-10-20T09:14:02.6410600Z           |                            ^~~~
2025-10-20T09:14:02.6411060Z     /opt/homebrew/Cellar/gcc@12/12.4.0/lib/gcc/12/gcc/aarch64-apple-darwin23/12/include-fixed/stdio.h:402:36: error: expected primary-expression before 'int'
2025-10-20T09:14:02.6411590Z       402 | void     setbuffer(FILE *, char *, int);
2025-10-20T09:14:02.6411780Z           |                                    ^~~
2025-10-20T09:14:02.6412260Z     /opt/homebrew/Cellar/gcc@12/12.4.0/lib/gcc/12/gcc/aarch64-apple-darwin23/12/include-fixed/stdio.h:403:21: error: 'FILE' was not declared in this scope
2025-10-20T09:14:02.6412710Z       403 | int      setlinebuf(FILE *);
2025-10-20T09:14:02.6412880Z           |                     ^~~~
2025-10-20T09:14:02.6413400Z     /opt/homebrew/Cellar/gcc@12/12.4.0/lib/gcc/12/gcc/aarch64-apple-darwin23/12/include-fixed/stdio.h:403:21: note: 'FILE' is defined in header '<cstdio>'; did you forget to '#include <cstdio>'?
2025-10-20T09:14:02.6414270Z     /opt/homebrew/Cellar/gcc@12/12.4.0/lib/gcc/12/gcc/aarch64-apple-darwin23/12/include-fixed/stdio.h:403:27: error: expected primary-expression before ')' token
2025-10-20T09:14:02.6414780Z       403 | int      setlinebuf(FILE *);
2025-10-20T09:14:02.6414950Z           |                           ^
2025-10-20T09:14:02.6415420Z     /opt/homebrew/Cellar/gcc@12/12.4.0/lib/gcc/12/gcc/aarch64-apple-darwin23/12/include-fixed/stdio.h:410:1: error: 'FILE' does not name a type
2025-10-20T09:14:02.6415860Z       410 | FILE    *funopen(const void *,
2025-10-20T09:14:02.6416020Z           | ^~~~
2025-10-20T09:14:02.6416500Z     /opt/homebrew/Cellar/gcc@12/12.4.0/lib/gcc/12/gcc/aarch64-apple-darwin23/12/include-fixed/stdio.h:410:1: note: 'FILE' is defined in header '<cstdio>'; did you forget to '#include <cstdio>'?
2025-10-20T09:14:02.6417430Z     /opt/homebrew/Cellar/gcc@12/12.4.0/include/c++/12/cstdio:98:11: error: 'FILE' has not been declared in '::'
2025-10-20T09:14:02.6417770Z        98 |   using ::FILE;
2025-10-20T09:14:02.6417910Z           |           ^~~~
2025-10-20T09:14:02.6418310Z     /opt/homebrew/Cellar/gcc@12/12.4.0/include/c++/12/cstdio:99:11: error: 'fpos_t' has not been declared in '::'
2025-10-20T09:14:02.6418720Z        99 |   using ::fpos_t;
2025-10-20T09:14:02.6418860Z           |           ^~~~~~
2025-10-20T09:14:02.6419220Z     /opt/homebrew/Cellar/gcc@12/12.4.0/include/c++/12/cstdio:101:11: error: 'clearerr' has not been declared in '::'
2025-10-20T09:14:02.6419570Z       101 |   using ::clearerr;
2025-10-20T09:14:02.6419720Z           |           ^~~~~~~~
2025-10-20T09:14:02.6420030Z     /opt/homebrew/Cellar/gcc@12/12.4.0/include/c++/12/cstdio:109:11: error: 'fopen' has not been declared in '::'
2025-10-20T09:14:02.6420390Z       109 |   using ::fopen;
2025-10-20T09:14:02.6420530Z           |           ^~~~~
2025-10-20T09:14:02.6420840Z     /opt/homebrew/Cellar/gcc@12/12.4.0/include/c++/12/cstdio:113:11: error: 'fread' has not been declared in '::'
2025-10-20T09:14:02.6421210Z       113 |   using ::fread;
2025-10-20T09:14:02.6421350Z           |           ^~~~~
2025-10-20T09:14:02.6421710Z     /opt/homebrew/Cellar/gcc@12/12.4.0/include/c++/12/cstdio:114:11: error: 'freopen' has not been declared in '::'
2025-10-20T09:14:02.6422080Z       114 |   using ::freopen;
2025-10-20T09:14:02.6422230Z           |           ^~~~~~~
2025-10-20T09:14:02.6422680Z     /opt/homebrew/Cellar/gcc@12/12.4.0/include/c++/12/cstdio:119:11: error: 'fwrite' has not been declared in '::'
2025-10-20T09:14:02.6423030Z       119 |   using ::fwrite;
2025-10-20T09:14:02.6423330Z           |           ^~~~~~
2025-10-20T09:14:02.6423720Z     /opt/homebrew/Cellar/gcc@12/12.4.0/include/c++/12/cstdio:133:11: error: 'rewind' has not been declared in '::'
2025-10-20T09:14:02.6424080Z       133 |   using ::rewind;
2025-10-20T09:14:02.6424230Z           |           ^~~~~~
2025-10-20T09:14:02.6424560Z     /opt/homebrew/Cellar/gcc@12/12.4.0/include/c++/12/cstdio:135:11: error: 'setbuf' has not been declared in '::'
2025-10-20T09:14:02.6424900Z       135 |   using ::setbuf;
2025-10-20T09:14:02.6425040Z           |           ^~~~~~
2025-10-20T09:14:02.6425380Z     /opt/homebrew/Cellar/gcc@12/12.4.0/include/c++/12/cstdio:139:11: error: 'tmpfile' has not been declared in '::'
2025-10-20T09:14:02.6425850Z       139 |   using ::tmpfile;
2025-10-20T09:14:02.6426000Z           |           ^~~~~~~
2025-10-20T09:14:02.6426220Z     make[1]: *** [CMakeFiles/cmTC_c2d1d.dir/testCXXCompiler.cxx.o] Error 1
2025-10-20T09:14:02.6426470Z     make: *** [cmTC_c2d1d/fast] Error 2
2025-10-20T09:14:02.6426620Z     
2025-10-20T09:14:02.6426710Z     
2025-10-20T09:14:02.6426770Z 
2025-10-20T09:14:02.6426770Z 
2025-10-20T09:14:02.6426780Z 
2025-10-20T09:14:02.6426880Z   CMake will not be able to correctly generate this project.
2025-10-20T09:14:02.6427110Z Call Stack (most recent call first):
2025-10-20T09:14:02.6427280Z   CMakeLists.txt:33 (project)
2025-10-20T09:14:02.6427390Z 
2025-10-20T09:14:02.6427390Z 
2025-10-20T09:14:02.6427480Z -- Configuring incomplete, errors occurred!
2025-10-20T09:14:02.6427630Z 
2025-10-20T09:14:02.6427670Z catch2/3.3.2: ERROR: 
2025-10-20T09:14:02.6427870Z Package 'ca46d8a923282316e1f01a7151e50e7c38764362' build failed
2025-10-20T09:14:02.6428230Z catch2/3.3.2: WARN: Build folder /Users/runner/.conan2/p/b/catchd249c0032ff03/b/build/Release
2025-10-20T09:14:02.6428570Z ERROR: catch2/3.3.2: Error in build() method, line 116
2025-10-20T09:14:02.6428890Z 	cmake.configure()
2025-10-20T09:14:02.6429050Z 	ConanException: Error 1 while executing
2025-10-20T09:14:02.6511050Z ##[error]Process completed with exit code 1.
2025-10-20T09:14:02.6570310Z Post job cleanup.
2025-10-20T09:14:02.8075150Z [command]/opt/homebrew/bin/git version
2025-10-20T09:14:02.8132090Z git version 2.50.1
2025-10-20T09:14:02.8164690Z Copying '/Users/runner/.gitconfig' to '/Users/runner/work/_temp/1290a9df-351a-444e-9fb9-417f961de372/.gitconfig'
2025-10-20T09:14:02.8171530Z Temporarily overriding HOME='/Users/runner/work/_temp/1290a9df-351a-444e-9fb9-417f961de372' before making global git config changes
2025-10-20T09:14:02.8172090Z Adding repository directory to the temporary git global config as a safe directory
2025-10-20T09:14:02.8174880Z [command]/opt/homebrew/bin/git config --global --add safe.directory /Users/runner/work/pycanha-core/pycanha-core
2025-10-20T09:14:02.8232600Z [command]/opt/homebrew/bin/git config --local --name-only --get-regexp core\.sshCommand
2025-10-20T09:14:02.8284320Z [command]/opt/homebrew/bin/git submodule foreach --recursive sh -c "git config --local --name-only --get-regexp 'core\.sshCommand' && git config --local --unset-all 'core.sshCommand' || :"
2025-10-20T09:14:02.8986640Z [command]/opt/homebrew/bin/git config --local --name-only --get-regexp http\.https\:\/\/github\.com\/\.extraheader
2025-10-20T09:14:02.9033800Z http.https://github.com/.extraheader
2025-10-20T09:14:02.9041830Z [command]/opt/homebrew/bin/git config --local --unset-all http.https://github.com/.extraheader
2025-10-20T09:14:02.9095680Z [command]/opt/homebrew/bin/git submodule foreach --recursive sh -c "git config --local --name-only --get-regexp 'http\.https\:\/\/github\.com\/\.extraheader' && git config --local --unset-all 'http.https://github.com/.extraheader' || :"
2025-10-20T09:14:02.9788400Z Cleaning up orphan processes
